[backblue.gif]
[fade.gif]
[index.html]
[www.heartavenueassociation.com/sitemap.xml]
[primary.jwwb.nl/public/s/d/n/temp-wkqkzshgrmmennlcbgpe/touch-icon-iphonec0ca.png]
[primary.jwwb.nl/public/s/d/n/temp-wkqkzshgrmmennlcbgpe/touch-icon-ipadc0ca.png]
[primary.jwwb.nl/public/s/d/n/temp-wkqkzshgrmmennlcbgpe/touch-icon-iphone-retinac0ca.png]
[primary.jwwb.nl/public/s/d/n/temp-wkqkzshgrmmennlcbgpe/touch-icon-ipad-retinac0ca.png]
[primary.jwwb.nl/public/s/d/n/temp-wkqkzshgrmmennlcbgpe/faviconc0ca.png]
[primary.jwwb.nl/public/s/d/n/temp-wkqkzshgrmmennlcbgpe/copia-de-competencias-intrapersonales-proceso-de-aprendizaje-2-high-zlw9a1.png]
[primary.jwwb.nl/public/s/d/n/temp-wkqkzshgrmmennlcbgpe/image-removebg-preview-3-highe2ef.png]
[primary.jwwb.nl/public/s/d/n/temp-wkqkzshgrmmennlcbgpe/image-removebg-preview-3-highb65d.png]
[primary.jwwb.nl/public/s/d/n/temp-wkqkzshgrmmennlcbgpe/image-removebg-preview-3-high8b7a.png]
[primary.jwwb.nl/public/s/d/n/temp-wkqkzshgrmmennlcbgpe/image-removebg-preview-3-high0b83.png]
[primary.jwwb.nl/public/s/d/n/temp-wkqkzshgrmmennlcbgpe/4a4ae9f5f2d13f3fa6e33c3fe499cb6c-high.jpg]
[i.pinimg.com/1200x/4a/4a/e9/4a4ae9f5f2d13f3fa6e33c3fe499cb6c.jpg]
[primary.jwwb.nl/public/s/d/n/temp-wkqkzshgrmmennlcbgpe/pasted-image-tue-aug-04-2026-14-25-00-gmt-0500-colombia-standard-time-standard.png]
[primary.jwwb.nl/public/s/d/n/temp-wkqkzshgrmmennlcbgpe/grace-ground-came-together-to-make-a-difference-for-the-children-at-johannesburg-children-s-home-higha8a5.jpg]
[primary.jwwb.nl/public/s/d/n/temp-wkqkzshgrmmennlcbgpe/our-team-interacting-with-the-children-at-american-mission-hospital-higha8a5.jpg]
[primary.jwwb.nl/public/s/d/n/temp-wkqkzshgrmmennlcbgpe/573327945_17856830895545722_5307178971688650558_n-higha8a5.jpg]
[primary.jwwb.nl/public/s/d/n/temp-wkqkzshgrmmennlcbgpe/edelweiss-doc-1-higha8a5.png]
[primary.jwwb.nl/public/s/d/n/temp-wkqkzshgrmmennlcbgpe/edelweiss-doc-higha8a5.png]
[primary.jwwb.nl/public/s/d/n/temp-wkqkzshgrmmennlcbgpe/saveclip-app_527292095_18013037144779696_5256163248927901070_n-high-kn9ad4a8a5.jpg]
[primary.jwwb.nl/public/s/d/n/temp-wkqkzshgrmmennlcbgpe/pasted-image-sun-jun-28-2026-23-39-33-gmt-0500-colombia-standard-time-highbd17.png]
[primary.jwwb.nl/public/s/d/n/temp-wkqkzshgrmmennlcbgpe/pasted-image-mon-aug-03-2026-13-56-16-gmt-0500-colombia-standard-time-standard.png]
[www.heartavenueassociation.com/index.html]
[www.heartavenueassociation.com/www.webador.html]
[www.heartavenueassociation.com/www.webador.com.html]
[plausible.io/js/script.manual.js]
[assets.jwwb.nl/assets/website-rendering-i18n/en-AU1650.js]
[assets.jwwb.nl/assets/website-rendering/runtime.a2455a67aab510c8778eca74.js]
[assets.jwwb.nl/assets/website-rendering/964.a958855da07340f5fab353e7.js]
[assets.jwwb.nl/assets/website-rendering/main.e74ad4a668f6c530cbb3968a.js]
[assets.jwwb.nl/assets/website-rendering/img/content-emptya80e.png]
[maps.gstatic.com/mapfiles/api-3/images/powered-by-google-on-white2.png]
[assets.jwwb.nl/assets/website-rendering/main.b3be791fe0ea9410a7ef524b.css]
[primary.jwwb.nl/public/s/d/n/temp-wkqkzshgrmmennlcbgpe/style68e5.css]
[www.heartavenueassociation.com/cart.html]
[www.heartavenueassociation.com/the-suite.html]
[primary.jwwb.nl/public/s/d/n/temp-wkqkzshgrmmennlcbgpe/pasted-image-mon-aug-03-2026-13-21-12-gmt-0500-colombia-standard-time-standard.png]
[www.heartavenueassociation.com/volunteer/remote-volunteer.html]
[www.heartavenueassociation.com/volunteer/volunteer-in-peru.html]
[primary.jwwb.nl/public/s/d/n/temp-wkqkzshgrmmennlcbgpe/pasted-image-mon-aug-03-2026-21-10-33-gmt-0500-colombia-standard-time-standard.png]
[i.pinimg.com/736x/7d/3d/ac/7d3dac37c01ea595cb07e412411462b9.jpg]
[primary.jwwb.nl/public/s/d/n/temp-wkqkzshgrmmennlcbgpe/pasted-image-mon-aug-03-2026-20-58-27-gmt-0500-colombia-standard-time-standard.png]
[primary.jwwb.nl/public/s/d/n/temp-wkqkzshgrmmennlcbgpe/pasted-image-mon-aug-03-2026-22-08-40-gmt-0500-colombia-standard-time-standard.png]
[www.heartavenueassociation.com/journalism.html]
[primary.jwwb.nl/public/s/d/n/temp-wkqkzshgrmmennlcbgpe/pasted-image-sat-jun-27-2026-23-35-35-gmt-0500-colombia-standard-time-high.png]
[primary.jwwb.nl/public/s/d/n/temp-wkqkzshgrmmennlcbgpe/d8f04d4f333a030ac8fbc63e692a78a6-high.jpg]
[primary.jwwb.nl/public/s/d/n/temp-wkqkzshgrmmennlcbgpe/pasted-image-sat-jun-27-2026-23-35-35-gmt-0500-colombia-standard-time-standard.png]
[primary.jwwb.nl/public/s/d/n/temp-wkqkzshgrmmennlcbgpe/d8f04d4f333a030ac8fbc63e692a78a6-standard.jpg]
[www.heartavenueassociation.com/society-and-current-affairs.html]
[primary.jwwb.nl/public/s/d/n/temp-wkqkzshgrmmennlcbgpe/pasted-image-sat-jun-27-2026-22-59-07-gmt-0500-colombia-standard-time-high.png]
[primary.jwwb.nl/public/s/d/n/temp-wkqkzshgrmmennlcbgpe/pasted-image-sat-jun-27-2026-22-09-28-gmt-0500-colombia-standard-time-high.png]
[primary.jwwb.nl/public/s/d/n/temp-wkqkzshgrmmennlcbgpe/pasted-image-sat-jun-27-2026-21-33-17-gmt-0500-colombia-standard-time-high.png]
[primary.jwwb.nl/public/s/d/n/temp-wkqkzshgrmmennlcbgpe/pexels-kimsanxw-46102905-18031391-highec1d.jpg]
[primary.jwwb.nl/public/s/d/n/temp-wkqkzshgrmmennlcbgpe/duplicate-1-high-ru93hkec1d.png]
[primary.jwwb.nl/public/s/d/n/temp-wkqkzshgrmmennlcbgpe/pasted-image-sat-jun-27-2026-20-10-24-gmt-0500-colombia-standard-time-high.png]
[primary.jwwb.nl/public/s/d/n/temp-wkqkzshgrmmennlcbgpe/pasted-image-sat-jun-27-2026-22-59-07-gmt-0500-colombia-standard-time-standard.png]
[primary.jwwb.nl/public/s/d/n/temp-wkqkzshgrmmennlcbgpe/pasted-image-sat-jun-27-2026-22-09-28-gmt-0500-colombia-standard-time-standard.png]
[primary.jwwb.nl/public/s/d/n/temp-wkqkzshgrmmennlcbgpe/pasted-image-sat-jun-27-2026-21-33-17-gmt-0500-colombia-standard-time-standard.png]
[primary.jwwb.nl/public/s/d/n/temp-wkqkzshgrmmennlcbgpe/pexels-kimsanxw-46102905-18031391-standard.jpg]
[primary.jwwb.nl/public/s/d/n/temp-wkqkzshgrmmennlcbgpe/duplicate-1-standard-j5kbfn.png]
[primary.jwwb.nl/public/s/d/n/temp-wkqkzshgrmmennlcbgpe/pasted-image-sat-jun-27-2026-20-10-24-gmt-0500-colombia-standard-time-standard.png]
[www.heartavenueassociation.com/arts-humanities-departament.html]
[primary.jwwb.nl/public/s/d/n/temp-wkqkzshgrmmennlcbgpe/pasted-image-sat-jun-27-2026-23-06-17-gmt-0500-colombia-standard-time-high.png]
[primary.jwwb.nl/public/s/d/n/temp-wkqkzshgrmmennlcbgpe/pasted-image-sat-jun-27-2026-21-44-16-gmt-0500-colombia-standard-time-high.png]
[primary.jwwb.nl/public/s/d/n/temp-wkqkzshgrmmennlcbgpe/pasted-image-sat-jun-27-2026-21-57-05-gmt-0500-colombia-standard-time-high.png]
[primary.jwwb.nl/public/s/d/n/temp-wkqkzshgrmmennlcbgpe/pasted-image-sat-jun-27-2026-23-06-17-gmt-0500-colombia-standard-time-standard.png]
[primary.jwwb.nl/public/s/d/n/temp-wkqkzshgrmmennlcbgpe/pasted-image-sat-jun-27-2026-21-44-16-gmt-0500-colombia-standard-time-standard.png]
[primary.jwwb.nl/public/s/d/n/temp-wkqkzshgrmmennlcbgpe/pasted-image-sat-jun-27-2026-21-57-05-gmt-0500-colombia-standard-time-standard.png]
[www.heartavenueassociation.com/essays-departament-of-sociology.html]
[primary.jwwb.nl/public/s/d/n/temp-wkqkzshgrmmennlcbgpe/pasted-image-sat-jun-27-2026-22-17-21-gmt-0500-colombia-standard-time-high.png]
[primary.jwwb.nl/public/s/d/n/temp-wkqkzshgrmmennlcbgpe/20240105-christina-koch-highec1d.jpg]
[primary.jwwb.nl/public/s/d/n/temp-wkqkzshgrmmennlcbgpe/pasted-image-sat-jun-27-2026-22-17-21-gmt-0500-colombia-standard-time-standard.png]
[primary.jwwb.nl/public/s/d/n/temp-wkqkzshgrmmennlcbgpe/20240105-christina-koch-standard.jpg]
[www.heartavenueassociation.com/department-of-science-and-innovation.html]
[primary.jwwb.nl/public/s/d/n/temp-wkqkzshgrmmennlcbgpe/pasted-image-sat-jun-27-2026-19-56-46-gmt-0500-colombia-standard-time-high.png]
[primary.jwwb.nl/public/s/d/n/temp-wkqkzshgrmmennlcbgpe/pasted-image-sat-jun-27-2026-19-56-46-gmt-0500-colombia-standard-time-standard.png]
[www.heartavenueassociation.com/department-of-pedagogy-and-education.html]
[primary.jwwb.nl/public/s/d/n/temp-wkqkzshgrmmennlcbgpe/dise-o-publicitario-ciis-heart-avenu-assoc-innova-schools-lemos-3-high.jpg]
[primary.jwwb.nl/public/s/d/n/temp-wkqkzshgrmmennlcbgpe/dise-o-publicitario-ciis-heart-avenu-assoc-innova-schools-lemos-3-standard.jpg]
[www.heartavenueassociation.com/journalism/latest-news-programs.html]
[primary.jwwb.nl/public/s/d/n/temp-wkqkzshgrmmennlcbgpe/pasted-image-mon-aug-03-2026-18-17-34-gmt-0500-colombia-standard-time-standard.png]
[primary.jwwb.nl/public/s/d/n/temp-wkqkzshgrmmennlcbgpe/pasted-image-mon-aug-03-2026-17-44-56-gmt-0500-colombia-standard-time-standard.png]
[www.heartavenueassociation.com/about-us.html]
[primary.jwwb.nl/public/s/d/n/temp-wkqkzshgrmmennlcbgpe/saveclip-app_561762980_17858324553519540_145460339595040667_n-highec1d.jpg]
[primary.jwwb.nl/public/s/d/n/temp-wkqkzshgrmmennlcbgpe/saveclip-app_527451722_18013037180779696_2053973393952880769_n-high.jpg]
[primary.jwwb.nl/public/s/d/n/temp-wkqkzshgrmmennlcbgpe/pasted-image-sun-jun-28-2026-23-39-33-gmt-0500-colombia-standard-time-high.png]
[primary.jwwb.nl/public/s/d/n/temp-wkqkzshgrmmennlcbgpe/saveclip-app_561762980_17858324553519540_145460339595040667_n-standard.jpg]
[primary.jwwb.nl/public/s/d/n/temp-wkqkzshgrmmennlcbgpe/saveclip-app_527451722_18013037180779696_2053973393952880769_n-standard.jpg]
[primary.jwwb.nl/public/s/d/n/temp-wkqkzshgrmmennlcbgpe/pasted-image-sun-jun-28-2026-23-39-33-gmt-0500-colombia-standard-time-standard.png]
[www.heartavenueassociation.com/about-us/work-reports.html]
[primary.jwwb.nl/public/s/d/n/temp-wkqkzshgrmmennlcbgpe/img_20260517_164131-high-ctle0y.jpg]
[primary.jwwb.nl/public/s/d/n/temp-wkqkzshgrmmennlcbgpe/pasted-image-mon-jun-29-2026-04-50-11-gmt-0500-colombia-standard-time-high.png]
[primary.jwwb.nl/public/s/d/n/temp-wkqkzshgrmmennlcbgpe/pasted-image-mon-jun-29-2026-04-42-48-gmt-0500-colombia-standard-time-high.png]
[primary.jwwb.nl/public/s/d/n/temp-wkqkzshgrmmennlcbgpe/pasted-image-mon-jun-29-2026-04-46-45-gmt-0500-colombia-standard-time-high.png]
[primary.jwwb.nl/public/s/d/n/temp-wkqkzshgrmmennlcbgpe/pasted-image-fri-jul-31-2026-22-58-02-gmt-0500-colombia-standard-time-high.png]
[primary.jwwb.nl/public/s/d/n/temp-wkqkzshgrmmennlcbgpe/pasted-image-fri-jul-31-2026-23-23-28-gmt-0500-colombia-standard-time-high.png]
[primary.jwwb.nl/public/s/d/n/temp-wkqkzshgrmmennlcbgpe/pasted-image-fri-jul-31-2026-23-22-41-gmt-0500-colombia-standard-time-high.png]
[primary.jwwb.nl/public/s/d/n/temp-wkqkzshgrmmennlcbgpe/pasted-image-fri-jul-31-2026-22-57-40-gmt-0500-colombia-standard-time-high.png]
[primary.jwwb.nl/public/s/d/n/temp-wkqkzshgrmmennlcbgpe/pasted-image-mon-aug-03-2026-19-32-46-gmt-0500-colombia-standard-time-standard.png]
[primary.jwwb.nl/public/s/d/n/temp-wkqkzshgrmmennlcbgpe/img_20260517_164131-high-ctle0y7973.jpg]
[primary.jwwb.nl/public/s/d/n/temp-wkqkzshgrmmennlcbgpe/img_20260517_164131-high-ctle0y30cb.jpg]
[primary.jwwb.nl/public/s/d/n/temp-wkqkzshgrmmennlcbgpe/img_20260517_164131-high-ctle0y19ef.jpg]
[primary.jwwb.nl/public/s/d/n/temp-wkqkzshgrmmennlcbgpe/img_20260517_164131-high-ctle0y55ce.jpg]
[primary.jwwb.nl/public/s/d/n/temp-wkqkzshgrmmennlcbgpe/img_20260517_164131-high-ctle0y64b0.jpg]
[primary.jwwb.nl/public/s/d/n/temp-wkqkzshgrmmennlcbgpe/img_20260517_164131-high-ctle0y630a.jpg]
[primary.jwwb.nl/public/s/d/n/temp-wkqkzshgrmmennlcbgpe/img_20260517_164131-high-ctle0yf4a9.jpg]
[primary.jwwb.nl/public/s/d/n/temp-wkqkzshgrmmennlcbgpe/img_20260517_164131-high-ctle0y7324.jpg]
[primary.jwwb.nl/public/s/d/n/temp-wkqkzshgrmmennlcbgpe/img_20260517_164131-high-ctle0y06b5.jpg]
[primary.jwwb.nl/public/s/d/n/temp-wkqkzshgrmmennlcbgpe/pasted-image-mon-jun-29-2026-04-50-11-gmt-0500-colombia-standard-time-high1e22.png]
[primary.jwwb.nl/public/s/d/n/temp-wkqkzshgrmmennlcbgpe/pasted-image-mon-jun-29-2026-04-50-11-gmt-0500-colombia-standard-time-highe7f9.png]
[primary.jwwb.nl/public/s/d/n/temp-wkqkzshgrmmennlcbgpe/pasted-image-mon-jun-29-2026-04-50-11-gmt-0500-colombia-standard-time-high50a4.png]
[primary.jwwb.nl/public/s/d/n/temp-wkqkzshgrmmennlcbgpe/pasted-image-mon-jun-29-2026-04-50-11-gmt-0500-colombia-standard-time-higha8a5.png]
[primary.jwwb.nl/public/s/d/n/temp-wkqkzshgrmmennlcbgpe/pasted-image-mon-jun-29-2026-04-50-11-gmt-0500-colombia-standard-time-highbe6b.png]
[primary.jwwb.nl/public/s/d/n/temp-wkqkzshgrmmennlcbgpe/pasted-image-mon-jun-29-2026-04-50-11-gmt-0500-colombia-standard-time-highfa66.png]
[primary.jwwb.nl/public/s/d/n/temp-wkqkzshgrmmennlcbgpe/pasted-image-mon-jun-29-2026-04-50-11-gmt-0500-colombia-standard-time-high13a9.png]
[primary.jwwb.nl/public/s/d/n/temp-wkqkzshgrmmennlcbgpe/pasted-image-mon-jun-29-2026-04-50-11-gmt-0500-colombia-standard-time-high9654.png]
[primary.jwwb.nl/public/s/d/n/temp-wkqkzshgrmmennlcbgpe/pasted-image-mon-jun-29-2026-04-50-11-gmt-0500-colombia-standard-time-highb1fc.png]
[primary.jwwb.nl/public/s/d/n/temp-wkqkzshgrmmennlcbgpe/pasted-image-mon-jun-29-2026-04-42-48-gmt-0500-colombia-standard-time-high1e22.png]
[primary.jwwb.nl/public/s/d/n/temp-wkqkzshgrmmennlcbgpe/pasted-image-mon-jun-29-2026-04-42-48-gmt-0500-colombia-standard-time-highe7f9.png]
[primary.jwwb.nl/public/s/d/n/temp-wkqkzshgrmmennlcbgpe/pasted-image-mon-jun-29-2026-04-42-48-gmt-0500-colombia-standard-time-high50a4.png]
[primary.jwwb.nl/public/s/d/n/temp-wkqkzshgrmmennlcbgpe/pasted-image-mon-jun-29-2026-04-42-48-gmt-0500-colombia-standard-time-higha8a5.png]
[primary.jwwb.nl/public/s/d/n/temp-wkqkzshgrmmennlcbgpe/pasted-image-mon-jun-29-2026-04-42-48-gmt-0500-colombia-standard-time-highbe6b.png]
[primary.jwwb.nl/public/s/d/n/temp-wkqkzshgrmmennlcbgpe/pasted-image-mon-jun-29-2026-04-42-48-gmt-0500-colombia-standard-time-highfa66.png]
[primary.jwwb.nl/public/s/d/n/temp-wkqkzshgrmmennlcbgpe/pasted-image-mon-jun-29-2026-04-42-48-gmt-0500-colombia-standard-time-high13a9.png]
[primary.jwwb.nl/public/s/d/n/temp-wkqkzshgrmmennlcbgpe/pasted-image-mon-jun-29-2026-04-42-48-gmt-0500-colombia-standard-time-high9654.png]
[primary.jwwb.nl/public/s/d/n/temp-wkqkzshgrmmennlcbgpe/pasted-image-mon-jun-29-2026-04-42-48-gmt-0500-colombia-standard-time-highb1fc.png]
[primary.jwwb.nl/public/s/d/n/temp-wkqkzshgrmmennlcbgpe/pasted-image-mon-jun-29-2026-04-46-45-gmt-0500-colombia-standard-time-high1e22.png]
[primary.jwwb.nl/public/s/d/n/temp-wkqkzshgrmmennlcbgpe/pasted-image-mon-jun-29-2026-04-46-45-gmt-0500-colombia-standard-time-highe7f9.png]
[primary.jwwb.nl/public/s/d/n/temp-wkqkzshgrmmennlcbgpe/pasted-image-mon-jun-29-2026-04-46-45-gmt-0500-colombia-standard-time-high50a4.png]
[primary.jwwb.nl/public/s/d/n/temp-wkqkzshgrmmennlcbgpe/pasted-image-mon-jun-29-2026-04-46-45-gmt-0500-colombia-standard-time-higha8a5.png]
[primary.jwwb.nl/public/s/d/n/temp-wkqkzshgrmmennlcbgpe/pasted-image-mon-jun-29-2026-04-46-45-gmt-0500-colombia-standard-time-highbe6b.png]
[primary.jwwb.nl/public/s/d/n/temp-wkqkzshgrmmennlcbgpe/pasted-image-mon-jun-29-2026-04-46-45-gmt-0500-colombia-standard-time-highfa66.png]
[primary.jwwb.nl/public/s/d/n/temp-wkqkzshgrmmennlcbgpe/pasted-image-mon-jun-29-2026-04-46-45-gmt-0500-colombia-standard-time-high13a9.png]
[primary.jwwb.nl/public/s/d/n/temp-wkqkzshgrmmennlcbgpe/pasted-image-mon-jun-29-2026-04-46-45-gmt-0500-colombia-standard-time-high9654.png]
[primary.jwwb.nl/public/s/d/n/temp-wkqkzshgrmmennlcbgpe/pasted-image-mon-jun-29-2026-04-46-45-gmt-0500-colombia-standard-time-highb1fc.png]
[primary.jwwb.nl/public/s/d/n/temp-wkqkzshgrmmennlcbgpe/pasted-image-fri-jul-31-2026-22-58-02-gmt-0500-colombia-standard-time-high1e22.png]
[primary.jwwb.nl/public/s/d/n/temp-wkqkzshgrmmennlcbgpe/pasted-image-fri-jul-31-2026-22-58-02-gmt-0500-colombia-standard-time-highe7f9.png]
[primary.jwwb.nl/public/s/d/n/temp-wkqkzshgrmmennlcbgpe/pasted-image-fri-jul-31-2026-22-58-02-gmt-0500-colombia-standard-time-high50a4.png]
[primary.jwwb.nl/public/s/d/n/temp-wkqkzshgrmmennlcbgpe/pasted-image-fri-jul-31-2026-22-58-02-gmt-0500-colombia-standard-time-higha8a5.png]
[primary.jwwb.nl/public/s/d/n/temp-wkqkzshgrmmennlcbgpe/pasted-image-fri-jul-31-2026-22-58-02-gmt-0500-colombia-standard-time-highbe6b.png]
[primary.jwwb.nl/public/s/d/n/temp-wkqkzshgrmmennlcbgpe/pasted-image-fri-jul-31-2026-22-58-02-gmt-0500-colombia-standard-time-highfa66.png]
[primary.jwwb.nl/public/s/d/n/temp-wkqkzshgrmmennlcbgpe/pasted-image-fri-jul-31-2026-22-58-02-gmt-0500-colombia-standard-time-high13a9.png]
[primary.jwwb.nl/public/s/d/n/temp-wkqkzshgrmmennlcbgpe/pasted-image-fri-jul-31-2026-22-58-02-gmt-0500-colombia-standard-time-high9654.png]
[primary.jwwb.nl/public/s/d/n/temp-wkqkzshgrmmennlcbgpe/pasted-image-fri-jul-31-2026-22-58-02-gmt-0500-colombia-standard-time-highb1fc.png]
[primary.jwwb.nl/public/s/d/n/temp-wkqkzshgrmmennlcbgpe/pasted-image-fri-jul-31-2026-23-23-28-gmt-0500-colombia-standard-time-high1e22.png]
[primary.jwwb.nl/public/s/d/n/temp-wkqkzshgrmmennlcbgpe/pasted-image-fri-jul-31-2026-23-23-28-gmt-0500-colombia-standard-time-highe7f9.png]
[primary.jwwb.nl/public/s/d/n/temp-wkqkzshgrmmennlcbgpe/pasted-image-fri-jul-31-2026-23-23-28-gmt-0500-colombia-standard-time-high50a4.png]
[primary.jwwb.nl/public/s/d/n/temp-wkqkzshgrmmennlcbgpe/pasted-image-fri-jul-31-2026-23-23-28-gmt-0500-colombia-standard-time-higha8a5.png]
[primary.jwwb.nl/public/s/d/n/temp-wkqkzshgrmmennlcbgpe/pasted-image-fri-jul-31-2026-23-23-28-gmt-0500-colombia-standard-time-highbe6b.png]
[primary.jwwb.nl/public/s/d/n/temp-wkqkzshgrmmennlcbgpe/pasted-image-fri-jul-31-2026-23-23-28-gmt-0500-colombia-standard-time-highfa66.png]
[primary.jwwb.nl/public/s/d/n/temp-wkqkzshgrmmennlcbgpe/pasted-image-fri-jul-31-2026-23-23-28-gmt-0500-colombia-standard-time-high13a9.png]
[primary.jwwb.nl/public/s/d/n/temp-wkqkzshgrmmennlcbgpe/pasted-image-fri-jul-31-2026-23-23-28-gmt-0500-colombia-standard-time-high9654.png]
[primary.jwwb.nl/public/s/d/n/temp-wkqkzshgrmmennlcbgpe/pasted-image-fri-jul-31-2026-23-23-28-gmt-0500-colombia-standard-time-highb1fc.png]
[primary.jwwb.nl/public/s/d/n/temp-wkqkzshgrmmennlcbgpe/pasted-image-fri-jul-31-2026-23-22-41-gmt-0500-colombia-standard-time-high1e22.png]
[primary.jwwb.nl/public/s/d/n/temp-wkqkzshgrmmennlcbgpe/pasted-image-fri-jul-31-2026-23-22-41-gmt-0500-colombia-standard-time-highe7f9.png]
[primary.jwwb.nl/public/s/d/n/temp-wkqkzshgrmmennlcbgpe/pasted-image-fri-jul-31-2026-23-22-41-gmt-0500-colombia-standard-time-high50a4.png]
[primary.jwwb.nl/public/s/d/n/temp-wkqkzshgrmmennlcbgpe/pasted-image-fri-jul-31-2026-23-22-41-gmt-0500-colombia-standard-time-higha8a5.png]
[primary.jwwb.nl/public/s/d/n/temp-wkqkzshgrmmennlcbgpe/pasted-image-fri-jul-31-2026-23-22-41-gmt-0500-colombia-standard-time-highbe6b.png]
[primary.jwwb.nl/public/s/d/n/temp-wkqkzshgrmmennlcbgpe/pasted-image-fri-jul-31-2026-23-22-41-gmt-0500-colombia-standard-time-highfa66.png]
[primary.jwwb.nl/public/s/d/n/temp-wkqkzshgrmmennlcbgpe/pasted-image-fri-jul-31-2026-23-22-41-gmt-0500-colombia-standard-time-high13a9.png]
[primary.jwwb.nl/public/s/d/n/temp-wkqkzshgrmmennlcbgpe/pasted-image-fri-jul-31-2026-23-22-41-gmt-0500-colombia-standard-time-high9654.png]
[primary.jwwb.nl/public/s/d/n/temp-wkqkzshgrmmennlcbgpe/pasted-image-fri-jul-31-2026-23-22-41-gmt-0500-colombia-standard-time-highb1fc.png]
[primary.jwwb.nl/public/s/d/n/temp-wkqkzshgrmmennlcbgpe/pasted-image-fri-jul-31-2026-22-57-40-gmt-0500-colombia-standard-time-high1e22.png]
[primary.jwwb.nl/public/s/d/n/temp-wkqkzshgrmmennlcbgpe/pasted-image-fri-jul-31-2026-22-57-40-gmt-0500-colombia-standard-time-highe7f9.png]
[primary.jwwb.nl/public/s/d/n/temp-wkqkzshgrmmennlcbgpe/pasted-image-fri-jul-31-2026-22-57-40-gmt-0500-colombia-standard-time-high50a4.png]
[primary.jwwb.nl/public/s/d/n/temp-wkqkzshgrmmennlcbgpe/pasted-image-fri-jul-31-2026-22-57-40-gmt-0500-colombia-standard-time-higha8a5.png]
[primary.jwwb.nl/public/s/d/n/temp-wkqkzshgrmmennlcbgpe/pasted-image-fri-jul-31-2026-22-57-40-gmt-0500-colombia-standard-time-highbe6b.png]
[primary.jwwb.nl/public/s/d/n/temp-wkqkzshgrmmennlcbgpe/pasted-image-fri-jul-31-2026-22-57-40-gmt-0500-colombia-standard-time-highfa66.png]
[primary.jwwb.nl/public/s/d/n/temp-wkqkzshgrmmennlcbgpe/pasted-image-fri-jul-31-2026-22-57-40-gmt-0500-colombia-standard-time-high13a9.png]
[primary.jwwb.nl/public/s/d/n/temp-wkqkzshgrmmennlcbgpe/pasted-image-fri-jul-31-2026-22-57-40-gmt-0500-colombia-standard-time-high9654.png]
[primary.jwwb.nl/public/s/d/n/temp-wkqkzshgrmmennlcbgpe/pasted-image-fri-jul-31-2026-22-57-40-gmt-0500-colombia-standard-time-highb1fc.png]
[www.heartavenueassociation.com/about-us/our-history-team.html]
[primary.jwwb.nl/public/s/d/n/temp-wkqkzshgrmmennlcbgpe/pasted-image-mon-jun-29-2026-14-57-07-gmt-0500-colombia-standard-time-high.png]
[primary.jwwb.nl/public/s/d/n/temp-wkqkzshgrmmennlcbgpe/pasted-image-mon-jun-29-2026-14-58-16-gmt-0500-colombia-standard-time-high.png]
[primary.jwwb.nl/public/s/d/n/temp-wkqkzshgrmmennlcbgpe/brochure-en-espa-ol-heart-avenue-2026-high.png]
[primary.jwwb.nl/public/s/d/n/temp-wkqkzshgrmmennlcbgpe/brochure-en-espa-ol-heart-avenue-2026-1-high.png]
[primary.jwwb.nl/public/s/d/n/temp-wkqkzshgrmmennlcbgpe/pasted-image-mon-jun-29-2026-15-35-17-gmt-0500-colombia-standard-time-high.png]
[primary.jwwb.nl/public/s/d/n/temp-wkqkzshgrmmennlcbgpe/pasted-image-mon-jun-29-2026-15-29-24-gmt-0500-colombia-standard-time-high.png]
[primary.jwwb.nl/public/s/d/n/temp-wkqkzshgrmmennlcbgpe/pasted-image-tue-jun-30-2026-02-20-06-gmt-0500-colombia-standard-time-high.png]
[primary.jwwb.nl/public/s/d/n/temp-wkqkzshgrmmennlcbgpe/image-high-6fkemc.png]
[primary.jwwb.nl/public/s/d/n/temp-wkqkzshgrmmennlcbgpe/pasted-image-sun-jul-05-2026-12-36-24-gmt-0500-colombia-standard-time-high.png]
[primary.jwwb.nl/public/s/d/n/temp-wkqkzshgrmmennlcbgpe/pasted-image-tue-jun-30-2026-00-25-50-gmt-0500-colombia-standard-time-high.png]
[primary.jwwb.nl/public/s/d/n/temp-wkqkzshgrmmennlcbgpe/pasted-image-fri-jul-03-2026-10-14-32-gmt-0500-colombia-standard-time-high.png]
[primary.jwwb.nl/public/s/d/n/temp-wkqkzshgrmmennlcbgpe/pasted-image-mon-jun-29-2026-14-57-07-gmt-0500-colombia-standard-time-standard.png]
[primary.jwwb.nl/public/s/d/n/temp-wkqkzshgrmmennlcbgpe/pasted-image-mon-jun-29-2026-14-57-07-gmt-0500-colombia-standard-time-highf675.png]
[primary.jwwb.nl/public/s/d/n/temp-wkqkzshgrmmennlcbgpe/pasted-image-mon-jun-29-2026-14-57-07-gmt-0500-colombia-standard-time-highb1b7.png]
[primary.jwwb.nl/public/s/d/n/temp-wkqkzshgrmmennlcbgpe/pasted-image-mon-jun-29-2026-14-57-07-gmt-0500-colombia-standard-time-high83a4.png]
[primary.jwwb.nl/public/s/d/n/temp-wkqkzshgrmmennlcbgpe/pasted-image-mon-jun-29-2026-14-57-07-gmt-0500-colombia-standard-time-highd799.png]
[primary.jwwb.nl/public/s/d/n/temp-wkqkzshgrmmennlcbgpe/pasted-image-mon-jun-29-2026-14-57-07-gmt-0500-colombia-standard-time-highe342.png]
[primary.jwwb.nl/public/s/d/n/temp-wkqkzshgrmmennlcbgpe/pasted-image-mon-jun-29-2026-14-57-07-gmt-0500-colombia-standard-time-high6e53.png]
[primary.jwwb.nl/public/s/d/n/temp-wkqkzshgrmmennlcbgpe/pasted-image-mon-jun-29-2026-14-57-07-gmt-0500-colombia-standard-time-high3e18.png]
[primary.jwwb.nl/public/s/d/n/temp-wkqkzshgrmmennlcbgpe/pasted-image-mon-jun-29-2026-14-57-07-gmt-0500-colombia-standard-time-highe090.png]
[primary.jwwb.nl/public/s/d/n/temp-wkqkzshgrmmennlcbgpe/pasted-image-mon-jun-29-2026-14-58-16-gmt-0500-colombia-standard-time-high967d.png]
[primary.jwwb.nl/public/s/d/n/temp-wkqkzshgrmmennlcbgpe/pasted-image-mon-jun-29-2026-14-58-16-gmt-0500-colombia-standard-time-high11b0.png]
[primary.jwwb.nl/public/s/d/n/temp-wkqkzshgrmmennlcbgpe/pasted-image-mon-jun-29-2026-14-58-16-gmt-0500-colombia-standard-time-high04a5.png]
[primary.jwwb.nl/public/s/d/n/temp-wkqkzshgrmmennlcbgpe/pasted-image-mon-jun-29-2026-14-58-16-gmt-0500-colombia-standard-time-high49d3.png]
[primary.jwwb.nl/public/s/d/n/temp-wkqkzshgrmmennlcbgpe/pasted-image-mon-jun-29-2026-14-58-16-gmt-0500-colombia-standard-time-highbe95.png]
[primary.jwwb.nl/public/s/d/n/temp-wkqkzshgrmmennlcbgpe/pasted-image-mon-jun-29-2026-14-58-16-gmt-0500-colombia-standard-time-high4dc9.png]
[primary.jwwb.nl/public/s/d/n/temp-wkqkzshgrmmennlcbgpe/pasted-image-mon-jun-29-2026-14-58-16-gmt-0500-colombia-standard-time-highb7a3.png]
[primary.jwwb.nl/public/s/d/n/temp-wkqkzshgrmmennlcbgpe/pasted-image-mon-jun-29-2026-14-58-16-gmt-0500-colombia-standard-time-higha1d9.png]
[primary.jwwb.nl/public/s/d/n/temp-wkqkzshgrmmennlcbgpe/pasted-image-mon-jun-29-2026-14-58-16-gmt-0500-colombia-standard-time-highdde6.png]
[primary.jwwb.nl/public/s/d/n/temp-wkqkzshgrmmennlcbgpe/download-17-standard.jpg]
[primary.jwwb.nl/public/s/d/n/temp-wkqkzshgrmmennlcbgpe/pasted-image-mon-jun-29-2026-14-52-47-gmt-0500-colombia-standard-time-standard.png]
[primary.jwwb.nl/public/s/d/n/temp-wkqkzshgrmmennlcbgpe/brochure-en-espa-ol-heart-avenue-2026-high1e22.png]
[primary.jwwb.nl/public/s/d/n/temp-wkqkzshgrmmennlcbgpe/brochure-en-espa-ol-heart-avenue-2026-highe7f9.png]
[primary.jwwb.nl/public/s/d/n/temp-wkqkzshgrmmennlcbgpe/brochure-en-espa-ol-heart-avenue-2026-high50a4.png]
[primary.jwwb.nl/public/s/d/n/temp-wkqkzshgrmmennlcbgpe/brochure-en-espa-ol-heart-avenue-2026-higha8a5.png]
[primary.jwwb.nl/public/s/d/n/temp-wkqkzshgrmmennlcbgpe/brochure-en-espa-ol-heart-avenue-2026-highbe6b.png]
[primary.jwwb.nl/public/s/d/n/temp-wkqkzshgrmmennlcbgpe/brochure-en-espa-ol-heart-avenue-2026-highfa66.png]
[primary.jwwb.nl/public/s/d/n/temp-wkqkzshgrmmennlcbgpe/brochure-en-espa-ol-heart-avenue-2026-high13a9.png]
[primary.jwwb.nl/public/s/d/n/temp-wkqkzshgrmmennlcbgpe/brochure-en-espa-ol-heart-avenue-2026-high9654.png]
[primary.jwwb.nl/public/s/d/n/temp-wkqkzshgrmmennlcbgpe/brochure-en-espa-ol-heart-avenue-2026-highb1fc.png]
[primary.jwwb.nl/public/s/d/n/temp-wkqkzshgrmmennlcbgpe/brochure-en-espa-ol-heart-avenue-2026-1-high1e22.png]
[primary.jwwb.nl/public/s/d/n/temp-wkqkzshgrmmennlcbgpe/brochure-en-espa-ol-heart-avenue-2026-1-highe7f9.png]
[primary.jwwb.nl/public/s/d/n/temp-wkqkzshgrmmennlcbgpe/brochure-en-espa-ol-heart-avenue-2026-1-high50a4.png]
[primary.jwwb.nl/public/s/d/n/temp-wkqkzshgrmmennlcbgpe/brochure-en-espa-ol-heart-avenue-2026-1-higha8a5.png]
[primary.jwwb.nl/public/s/d/n/temp-wkqkzshgrmmennlcbgpe/brochure-en-espa-ol-heart-avenue-2026-1-highbe6b.png]
[primary.jwwb.nl/public/s/d/n/temp-wkqkzshgrmmennlcbgpe/brochure-en-espa-ol-heart-avenue-2026-1-highfa66.png]
[primary.jwwb.nl/public/s/d/n/temp-wkqkzshgrmmennlcbgpe/brochure-en-espa-ol-heart-avenue-2026-1-high13a9.png]
[primary.jwwb.nl/public/s/d/n/temp-wkqkzshgrmmennlcbgpe/brochure-en-espa-ol-heart-avenue-2026-1-high9654.png]
[primary.jwwb.nl/public/s/d/n/temp-wkqkzshgrmmennlcbgpe/brochure-en-espa-ol-heart-avenue-2026-1-highb1fc.png]
[primary.jwwb.nl/public/s/d/n/temp-wkqkzshgrmmennlcbgpe/pasted-image-mon-jun-29-2026-15-35-17-gmt-0500-colombia-standard-time-high1e22.png]
[primary.jwwb.nl/public/s/d/n/temp-wkqkzshgrmmennlcbgpe/pasted-image-mon-jun-29-2026-15-35-17-gmt-0500-colombia-standard-time-highe7f9.png]
[primary.jwwb.nl/public/s/d/n/temp-wkqkzshgrmmennlcbgpe/pasted-image-mon-jun-29-2026-15-35-17-gmt-0500-colombia-standard-time-high50a4.png]
[primary.jwwb.nl/public/s/d/n/temp-wkqkzshgrmmennlcbgpe/pasted-image-mon-jun-29-2026-15-35-17-gmt-0500-colombia-standard-time-higha8a5.png]
[primary.jwwb.nl/public/s/d/n/temp-wkqkzshgrmmennlcbgpe/pasted-image-mon-jun-29-2026-15-35-17-gmt-0500-colombia-standard-time-highbe6b.png]
[primary.jwwb.nl/public/s/d/n/temp-wkqkzshgrmmennlcbgpe/pasted-image-mon-jun-29-2026-15-35-17-gmt-0500-colombia-standard-time-highfa66.png]
[primary.jwwb.nl/public/s/d/n/temp-wkqkzshgrmmennlcbgpe/pasted-image-mon-jun-29-2026-15-35-17-gmt-0500-colombia-standard-time-high13a9.png]
[primary.jwwb.nl/public/s/d/n/temp-wkqkzshgrmmennlcbgpe/pasted-image-mon-jun-29-2026-15-35-17-gmt-0500-colombia-standard-time-high9654.png]
[primary.jwwb.nl/public/s/d/n/temp-wkqkzshgrmmennlcbgpe/pasted-image-mon-jun-29-2026-15-35-17-gmt-0500-colombia-standard-time-highb1fc.png]
[primary.jwwb.nl/public/s/d/n/temp-wkqkzshgrmmennlcbgpe/pasted-image-mon-jun-29-2026-15-29-24-gmt-0500-colombia-standard-time-high1e22.png]
[primary.jwwb.nl/public/s/d/n/temp-wkqkzshgrmmennlcbgpe/pasted-image-mon-jun-29-2026-15-29-24-gmt-0500-colombia-standard-time-highe7f9.png]
[primary.jwwb.nl/public/s/d/n/temp-wkqkzshgrmmennlcbgpe/pasted-image-mon-jun-29-2026-15-29-24-gmt-0500-colombia-standard-time-high50a4.png]
[primary.jwwb.nl/public/s/d/n/temp-wkqkzshgrmmennlcbgpe/pasted-image-mon-jun-29-2026-15-29-24-gmt-0500-colombia-standard-time-higha8a5.png]
[primary.jwwb.nl/public/s/d/n/temp-wkqkzshgrmmennlcbgpe/pasted-image-mon-jun-29-2026-15-29-24-gmt-0500-colombia-standard-time-highbe6b.png]
[primary.jwwb.nl/public/s/d/n/temp-wkqkzshgrmmennlcbgpe/pasted-image-mon-jun-29-2026-15-29-24-gmt-0500-colombia-standard-time-highfa66.png]
[primary.jwwb.nl/public/s/d/n/temp-wkqkzshgrmmennlcbgpe/pasted-image-mon-jun-29-2026-15-29-24-gmt-0500-colombia-standard-time-high13a9.png]
[primary.jwwb.nl/public/s/d/n/temp-wkqkzshgrmmennlcbgpe/pasted-image-mon-jun-29-2026-15-29-24-gmt-0500-colombia-standard-time-high9654.png]
[primary.jwwb.nl/public/s/d/n/temp-wkqkzshgrmmennlcbgpe/pasted-image-mon-jun-29-2026-15-29-24-gmt-0500-colombia-standard-time-highb1fc.png]
[primary.jwwb.nl/public/s/d/n/temp-wkqkzshgrmmennlcbgpe/pasted-image-tue-jun-30-2026-02-20-06-gmt-0500-colombia-standard-time-high1e22.png]
[primary.jwwb.nl/public/s/d/n/temp-wkqkzshgrmmennlcbgpe/pasted-image-tue-jun-30-2026-02-20-06-gmt-0500-colombia-standard-time-highe7f9.png]
[primary.jwwb.nl/public/s/d/n/temp-wkqkzshgrmmennlcbgpe/pasted-image-tue-jun-30-2026-02-20-06-gmt-0500-colombia-standard-time-high50a4.png]
[primary.jwwb.nl/public/s/d/n/temp-wkqkzshgrmmennlcbgpe/pasted-image-tue-jun-30-2026-02-20-06-gmt-0500-colombia-standard-time-higha8a5.png]
[primary.jwwb.nl/public/s/d/n/temp-wkqkzshgrmmennlcbgpe/pasted-image-tue-jun-30-2026-02-20-06-gmt-0500-colombia-standard-time-highbe6b.png]
[primary.jwwb.nl/public/s/d/n/temp-wkqkzshgrmmennlcbgpe/pasted-image-tue-jun-30-2026-02-20-06-gmt-0500-colombia-standard-time-highfa66.png]
[primary.jwwb.nl/public/s/d/n/temp-wkqkzshgrmmennlcbgpe/pasted-image-tue-jun-30-2026-02-20-06-gmt-0500-colombia-standard-time-high13a9.png]
[primary.jwwb.nl/public/s/d/n/temp-wkqkzshgrmmennlcbgpe/pasted-image-tue-jun-30-2026-02-20-06-gmt-0500-colombia-standard-time-high9654.png]
[primary.jwwb.nl/public/s/d/n/temp-wkqkzshgrmmennlcbgpe/pasted-image-tue-jun-30-2026-02-20-06-gmt-0500-colombia-standard-time-highb1fc.png]
[primary.jwwb.nl/public/s/d/n/temp-wkqkzshgrmmennlcbgpe/image-high-6fkemc1e22.png]
[primary.jwwb.nl/public/s/d/n/temp-wkqkzshgrmmennlcbgpe/image-high-6fkemce7f9.png]
[primary.jwwb.nl/public/s/d/n/temp-wkqkzshgrmmennlcbgpe/image-high-6fkemc50a4.png]
[primary.jwwb.nl/public/s/d/n/temp-wkqkzshgrmmennlcbgpe/image-high-6fkemca8a5.png]
[primary.jwwb.nl/public/s/d/n/temp-wkqkzshgrmmennlcbgpe/image-high-6fkemcbe6b.png]
[primary.jwwb.nl/public/s/d/n/temp-wkqkzshgrmmennlcbgpe/image-high-6fkemcfa66.png]
[primary.jwwb.nl/public/s/d/n/temp-wkqkzshgrmmennlcbgpe/image-high-6fkemc13a9.png]
[primary.jwwb.nl/public/s/d/n/temp-wkqkzshgrmmennlcbgpe/image-high-6fkemc9654.png]
[primary.jwwb.nl/public/s/d/n/temp-wkqkzshgrmmennlcbgpe/image-high-6fkemcb1fc.png]
[primary.jwwb.nl/public/s/d/n/temp-wkqkzshgrmmennlcbgpe/pasted-image-sun-jul-05-2026-12-36-24-gmt-0500-colombia-standard-time-high1e22.png]
[primary.jwwb.nl/public/s/d/n/temp-wkqkzshgrmmennlcbgpe/pasted-image-sun-jul-05-2026-12-36-24-gmt-0500-colombia-standard-time-highe7f9.png]
[primary.jwwb.nl/public/s/d/n/temp-wkqkzshgrmmennlcbgpe/pasted-image-sun-jul-05-2026-12-36-24-gmt-0500-colombia-standard-time-high50a4.png]
[primary.jwwb.nl/public/s/d/n/temp-wkqkzshgrmmennlcbgpe/pasted-image-sun-jul-05-2026-12-36-24-gmt-0500-colombia-standard-time-higha8a5.png]
[primary.jwwb.nl/public/s/d/n/temp-wkqkzshgrmmennlcbgpe/pasted-image-sun-jul-05-2026-12-36-24-gmt-0500-colombia-standard-time-highbe6b.png]
[primary.jwwb.nl/public/s/d/n/temp-wkqkzshgrmmennlcbgpe/pasted-image-sun-jul-05-2026-12-36-24-gmt-0500-colombia-standard-time-highfa66.png]
[primary.jwwb.nl/public/s/d/n/temp-wkqkzshgrmmennlcbgpe/pasted-image-sun-jul-05-2026-12-36-24-gmt-0500-colombia-standard-time-high13a9.png]
[primary.jwwb.nl/public/s/d/n/temp-wkqkzshgrmmennlcbgpe/pasted-image-sun-jul-05-2026-12-36-24-gmt-0500-colombia-standard-time-high9654.png]
[primary.jwwb.nl/public/s/d/n/temp-wkqkzshgrmmennlcbgpe/pasted-image-sun-jul-05-2026-12-36-24-gmt-0500-colombia-standard-time-highb1fc.png]
[primary.jwwb.nl/public/s/d/n/temp-wkqkzshgrmmennlcbgpe/pasted-image-tue-jun-30-2026-00-25-50-gmt-0500-colombia-standard-time-high1e22.png]
[primary.jwwb.nl/public/s/d/n/temp-wkqkzshgrmmennlcbgpe/pasted-image-tue-jun-30-2026-00-25-50-gmt-0500-colombia-standard-time-highe7f9.png]
[primary.jwwb.nl/public/s/d/n/temp-wkqkzshgrmmennlcbgpe/pasted-image-tue-jun-30-2026-00-25-50-gmt-0500-colombia-standard-time-high50a4.png]
[primary.jwwb.nl/public/s/d/n/temp-wkqkzshgrmmennlcbgpe/pasted-image-tue-jun-30-2026-00-25-50-gmt-0500-colombia-standard-time-higha8a5.png]
[primary.jwwb.nl/public/s/d/n/temp-wkqkzshgrmmennlcbgpe/pasted-image-tue-jun-30-2026-00-25-50-gmt-0500-colombia-standard-time-highbe6b.png]
[primary.jwwb.nl/public/s/d/n/temp-wkqkzshgrmmennlcbgpe/pasted-image-tue-jun-30-2026-00-25-50-gmt-0500-colombia-standard-time-highfa66.png]
[primary.jwwb.nl/public/s/d/n/temp-wkqkzshgrmmennlcbgpe/pasted-image-tue-jun-30-2026-00-25-50-gmt-0500-colombia-standard-time-high13a9.png]
[primary.jwwb.nl/public/s/d/n/temp-wkqkzshgrmmennlcbgpe/pasted-image-tue-jun-30-2026-00-25-50-gmt-0500-colombia-standard-time-high9654.png]
[primary.jwwb.nl/public/s/d/n/temp-wkqkzshgrmmennlcbgpe/pasted-image-tue-jun-30-2026-00-25-50-gmt-0500-colombia-standard-time-highb1fc.png]
[primary.jwwb.nl/public/s/d/n/temp-wkqkzshgrmmennlcbgpe/pasted-image-fri-jul-03-2026-10-14-32-gmt-0500-colombia-standard-time-high1e22.png]
[primary.jwwb.nl/public/s/d/n/temp-wkqkzshgrmmennlcbgpe/pasted-image-fri-jul-03-2026-10-14-32-gmt-0500-colombia-standard-time-highe7f9.png]
[primary.jwwb.nl/public/s/d/n/temp-wkqkzshgrmmennlcbgpe/pasted-image-fri-jul-03-2026-10-14-32-gmt-0500-colombia-standard-time-high50a4.png]
[primary.jwwb.nl/public/s/d/n/temp-wkqkzshgrmmennlcbgpe/pasted-image-fri-jul-03-2026-10-14-32-gmt-0500-colombia-standard-time-higha8a5.png]
[primary.jwwb.nl/public/s/d/n/temp-wkqkzshgrmmennlcbgpe/pasted-image-fri-jul-03-2026-10-14-32-gmt-0500-colombia-standard-time-highbe6b.png]
[primary.jwwb.nl/public/s/d/n/temp-wkqkzshgrmmennlcbgpe/pasted-image-fri-jul-03-2026-10-14-32-gmt-0500-colombia-standard-time-highfa66.png]
[primary.jwwb.nl/public/s/d/n/temp-wkqkzshgrmmennlcbgpe/pasted-image-fri-jul-03-2026-10-14-32-gmt-0500-colombia-standard-time-high13a9.png]
[primary.jwwb.nl/public/s/d/n/temp-wkqkzshgrmmennlcbgpe/pasted-image-fri-jul-03-2026-10-14-32-gmt-0500-colombia-standard-time-high9654.png]
[primary.jwwb.nl/public/s/d/n/temp-wkqkzshgrmmennlcbgpe/pasted-image-fri-jul-03-2026-10-14-32-gmt-0500-colombia-standard-time-highb1fc.png]
[www.heartavenueassociation.com/about-us/partnerships.html]
[primary.jwwb.nl/public/s/d/n/temp-wkqkzshgrmmennlcbgpe/4a4ae9f5f2d13f3fa6e33c3fe499cb6c-high-nw3er8.jpg]
[dn711308.ca.archive.org/0/items/image-removebg-preview-4/image-removebg-preview (4).png]
[primary.jwwb.nl/public/s/d/n/temp-wkqkzshgrmmennlcbgpe/08c4da8f91f81b12ca94df978c6f6cc5-high.jpg]
[primary.jwwb.nl/public/s/d/n/temp-wkqkzshgrmmennlcbgpe/pasted-image-tue-jun-30-2026-00-41-40-gmt-0500-colombia-standard-time-high361a.png]
[www.heartavenueassociation.com/donate.html]
[primary.jwwb.nl/public/s/d/n/temp-wkqkzshgrmmennlcbgpe/9ffa9f0895a3c637d4202a01bd794eda-high.jpg]
[i.pinimg.com/736x/9f/fa/9f/9ffa9f0895a3c637d4202a01bd794eda.jpg]
[primary.jwwb.nl/public/s/d/n/temp-wkqkzshgrmmennlcbgpe/pasted-image-tue-aug-04-2026-18-58-51-gmt-0500-colombia-standard-time-standard.png]
[i.pinimg.com/1200x/72/c6/91/72c691b871a2ad816e962ad29f9946a8.jpg]
[i.pinimg.com/1200x/30/7f/e7/307fe76388ae998f060cd171677515f0.jpg]
[i.pinimg.com/736x/e4/3f/d8/e43fd87f4af85527e57443608f819543.jpg]
[www.heartavenueassociation.com/digital-library.html]
[primary.jwwb.nl/public/s/d/n/temp-wkqkzshgrmmennlcbgpe/cover-high.jpg]
[primary.jwwb.nl/public/s/d/n/temp-wkqkzshgrmmennlcbgpe/pasted-image-sun-jun-28-2026-08-10-35-gmt-0500-colombia-standard-time-high.png]
[primary.jwwb.nl/public/s/d/n/temp-wkqkzshgrmmennlcbgpe/pasted-image-sun-jun-28-2026-08-14-48-gmt-0500-colombia-standard-time-high.png]
[primary.jwwb.nl/public/s/d/n/temp-wkqkzshgrmmennlcbgpe/cover-high0da8.jpg]
[primary.jwwb.nl/public/s/d/n/temp-wkqkzshgrmmennlcbgpe/cover-high32ab.jpg]
[primary.jwwb.nl/public/s/d/n/temp-wkqkzshgrmmennlcbgpe/cover-high40a7.jpg]
[primary.jwwb.nl/public/s/d/n/temp-wkqkzshgrmmennlcbgpe/cover-high37a1.jpg]
[primary.jwwb.nl/public/s/d/n/temp-wkqkzshgrmmennlcbgpe/cover-high2064.jpg]
[primary.jwwb.nl/public/s/d/n/temp-wkqkzshgrmmennlcbgpe/cover-high834c.jpg]
[primary.jwwb.nl/public/s/d/n/temp-wkqkzshgrmmennlcbgpe/cover-high8ffd.jpg]
[primary.jwwb.nl/public/s/d/n/temp-wkqkzshgrmmennlcbgpe/cover-high9303.jpg]
[primary.jwwb.nl/public/s/d/n/temp-wkqkzshgrmmennlcbgpe/cover-high7afb.jpg]
[primary.jwwb.nl/public/s/d/n/temp-wkqkzshgrmmennlcbgpe/pasted-image-sun-jun-28-2026-08-10-35-gmt-0500-colombia-standard-time-highe25d.png]
[primary.jwwb.nl/public/s/d/n/temp-wkqkzshgrmmennlcbgpe/pasted-image-sun-jun-28-2026-08-10-35-gmt-0500-colombia-standard-time-highd130.png]
[primary.jwwb.nl/public/s/d/n/temp-wkqkzshgrmmennlcbgpe/pasted-image-sun-jun-28-2026-08-10-35-gmt-0500-colombia-standard-time-high900b.png]
[primary.jwwb.nl/public/s/d/n/temp-wkqkzshgrmmennlcbgpe/pasted-image-sun-jun-28-2026-08-10-35-gmt-0500-colombia-standard-time-highc848.png]
[primary.jwwb.nl/public/s/d/n/temp-wkqkzshgrmmennlcbgpe/pasted-image-sun-jun-28-2026-08-10-35-gmt-0500-colombia-standard-time-highfbed.png]
[primary.jwwb.nl/public/s/d/n/temp-wkqkzshgrmmennlcbgpe/pasted-image-sun-jun-28-2026-08-10-35-gmt-0500-colombia-standard-time-high284f.png]
[primary.jwwb.nl/public/s/d/n/temp-wkqkzshgrmmennlcbgpe/pasted-image-sun-jun-28-2026-08-10-35-gmt-0500-colombia-standard-time-highb896.png]
[primary.jwwb.nl/public/s/d/n/temp-wkqkzshgrmmennlcbgpe/pasted-image-sun-jun-28-2026-08-10-35-gmt-0500-colombia-standard-time-highd749.png]
[primary.jwwb.nl/public/s/d/n/temp-wkqkzshgrmmennlcbgpe/pasted-image-sun-jun-28-2026-08-10-35-gmt-0500-colombia-standard-time-highb7da.png]
[primary.jwwb.nl/public/s/d/n/temp-wkqkzshgrmmennlcbgpe/pasted-image-sun-jun-28-2026-08-14-48-gmt-0500-colombia-standard-time-highcf47.png]
[primary.jwwb.nl/public/s/d/n/temp-wkqkzshgrmmennlcbgpe/pasted-image-sun-jun-28-2026-08-14-48-gmt-0500-colombia-standard-time-high0003.png]
[primary.jwwb.nl/public/s/d/n/temp-wkqkzshgrmmennlcbgpe/pasted-image-sun-jun-28-2026-08-14-48-gmt-0500-colombia-standard-time-highc4d3.png]
[primary.jwwb.nl/public/s/d/n/temp-wkqkzshgrmmennlcbgpe/pasted-image-sun-jun-28-2026-08-14-48-gmt-0500-colombia-standard-time-high2774.png]
[primary.jwwb.nl/public/s/d/n/temp-wkqkzshgrmmennlcbgpe/pasted-image-sun-jun-28-2026-08-14-48-gmt-0500-colombia-standard-time-high88d9.png]
[primary.jwwb.nl/public/s/d/n/temp-wkqkzshgrmmennlcbgpe/pasted-image-sun-jun-28-2026-08-14-48-gmt-0500-colombia-standard-time-high06e5.png]
[primary.jwwb.nl/public/s/d/n/temp-wkqkzshgrmmennlcbgpe/pasted-image-sun-jun-28-2026-08-14-48-gmt-0500-colombia-standard-time-high49ac.png]
[primary.jwwb.nl/public/s/d/n/temp-wkqkzshgrmmennlcbgpe/pasted-image-sun-jun-28-2026-08-14-48-gmt-0500-colombia-standard-time-high6e86.png]
[primary.jwwb.nl/public/s/d/n/temp-wkqkzshgrmmennlcbgpe/pasted-image-sun-jun-28-2026-08-14-48-gmt-0500-colombia-standard-time-high7b74.png]
[www.heartavenueassociation.com/digital-library/storybooks.html]
[www.heartavenueassociation.com/digital-library/academic-library.html]
[www.heartavenueassociation.com/aedralys.html]
[www.heartavenueassociation.com/wishlist.html]
[www.heartavenueassociation.com/house-application.html]
[www.heartavenueassociation.com/assets/website-rendering/index.html]
[assets.jwwb.nl/assets/website-rendering/module-files/flag-icons/flags/4x3/at71fb.svg]
[assets.jwwb.nl/assets/website-rendering/module-files/flag-icons/flags/4x3/audb22.svg]
[assets.jwwb.nl/assets/website-rendering/module-files/flag-icons/flags/4x3/bec53f.svg]
[assets.jwwb.nl/assets/website-rendering/module-files/flag-icons/flags/4x3/ca0bc2.svg]
[assets.jwwb.nl/assets/website-rendering/module-files/flag-icons/flags/4x3/ch7909.svg]
[assets.jwwb.nl/assets/website-rendering/module-files/flag-icons/flags/4x3/de89d6.svg]
[assets.jwwb.nl/assets/website-rendering/module-files/flag-icons/flags/4x3/dkd0f4.svg]
[assets.jwwb.nl/assets/website-rendering/module-files/flag-icons/flags/4x3/es0c23.svg]
[assets.jwwb.nl/assets/website-rendering/module-files/flag-icons/flags/4x3/fif272.svg]
[assets.jwwb.nl/assets/website-rendering/module-files/flag-icons/flags/4x3/frc2e4.svg]
[assets.jwwb.nl/assets/website-rendering/module-files/flag-icons/flags/4x3/gbee25.svg]
[assets.jwwb.nl/assets/website-rendering/module-files/flag-icons/flags/4x3/ieb191.svg]
[assets.jwwb.nl/assets/website-rendering/module-files/flag-icons/flags/4x3/itc7ba.svg]
[assets.jwwb.nl/assets/website-rendering/module-files/flag-icons/flags/4x3/mx61b5.svg]
[assets.jwwb.nl/assets/website-rendering/module-files/flag-icons/flags/4x3/nl828e.svg]
[assets.jwwb.nl/assets/website-rendering/module-files/flag-icons/flags/4x3/noc647.svg]
[assets.jwwb.nl/assets/website-rendering/module-files/flag-icons/flags/4x3/nzcdee.svg]
[assets.jwwb.nl/assets/website-rendering/module-files/flag-icons/flags/4x3/pl0b42.svg]
[assets.jwwb.nl/assets/website-rendering/module-files/flag-icons/flags/4x3/pt70f4.svg]
[assets.jwwb.nl/assets/website-rendering/module-files/flag-icons/flags/4x3/sef112.svg]
[assets.jwwb.nl/assets/website-rendering/module-files/flag-icons/flags/4x3/usa5fe.svg]
[assets.jwwb.nl/assets/website-rendering/module-files/flag-icons/flags/4x3/xxfd64.svg]
[primary.jwwb.nl/public/s/d/n/temp-wkqkzshgrmmennlcbgpe/pasted-image-mon-aug-03-2026-12-20-09-gmt-0500-colombia-standard-time-standard-x5klgm.png]
[primary.jwwb.nl/public/s/d/n/temp-wkqkzshgrmmennlcbgpe/pasted-image-mon-aug-03-2026-12-48-47-gmt-0500-colombia-standard-time-standard.png]
[primary.jwwb.nl/public/s/d/n/temp-wkqkzshgrmmennlcbgpe/pasted-image-mon-aug-03-2026-12-19-15-gmt-0500-colombia-standard-time-standard.png]
[www.heartavenueassociation.com/volunteer]
[www.heartavenueassociation.com/'https_/i.vimeocdn.com/video/2174364843-8e362de78d60f975728f168526af84e5eb5d20ae80965bdbc7a3854376018067-d_1920x10804c74.html]
[primary.jwwb.nl/public/s/d/n/temp-wkqkzshgrmmennlcbgpe/image-removebg-preview-3-high2350.png]
[primary.jwwb.nl/public/s/d/n/temp-wkqkzshgrmmennlcbgpe/pasted-image-sat-jun-27-2026-23-06-17-gmt-0500-colombia-standard-time-highc37a.png]
[primary.jwwb.nl/public/s/d/n/temp-wkqkzshgrmmennlcbgpe/pasted-image-sat-jun-27-2026-23-06-17-gmt-0500-colombia-standard-time-high2998.png]
[primary.jwwb.nl/public/s/d/n/temp-wkqkzshgrmmennlcbgpe/pasted-image-sat-jun-27-2026-23-06-17-gmt-0500-colombia-standard-time-highffde.png]
[primary.jwwb.nl/public/s/d/n/temp-wkqkzshgrmmennlcbgpe/pasted-image-sat-jun-27-2026-23-06-17-gmt-0500-colombia-standard-time-high0b4f.png]
[primary.jwwb.nl/public/s/d/n/temp-wkqkzshgrmmennlcbgpe/pasted-image-sat-jun-27-2026-23-06-17-gmt-0500-colombia-standard-time-high7b81.png]
[primary.jwwb.nl/public/s/d/n/temp-wkqkzshgrmmennlcbgpe/pasted-image-sat-jun-27-2026-23-06-17-gmt-0500-colombia-standard-time-high0eaf.png]
[primary.jwwb.nl/public/s/d/n/temp-wkqkzshgrmmennlcbgpe/pasted-image-sat-jun-27-2026-23-06-17-gmt-0500-colombia-standard-time-high6482.png]
[primary.jwwb.nl/public/s/d/n/temp-wkqkzshgrmmennlcbgpe/pasted-image-sat-jun-27-2026-23-06-17-gmt-0500-colombia-standard-time-high5baa.png]
[primary.jwwb.nl/public/s/d/n/temp-wkqkzshgrmmennlcbgpe/pasted-image-sat-jun-27-2026-23-06-17-gmt-0500-colombia-standard-time-high5ddb.png]
[www.heartavenueassociation.com/journalism/3246510_son-la-luz-y-el-brillo-lo-mas-cercano-a-la-divinidad.html]
[primary.jwwb.nl/public/s/d/n/temp-wkqkzshgrmmennlcbgpe/pasted-image-sat-jun-27-2026-21-44-16-gmt-0500-colombia-standard-time-high44ad.png]
[primary.jwwb.nl/public/s/d/n/temp-wkqkzshgrmmennlcbgpe/pasted-image-sat-jun-27-2026-21-44-16-gmt-0500-colombia-standard-time-highe87e.png]
[primary.jwwb.nl/public/s/d/n/temp-wkqkzshgrmmennlcbgpe/pasted-image-sat-jun-27-2026-21-44-16-gmt-0500-colombia-standard-time-highf185.png]
[primary.jwwb.nl/public/s/d/n/temp-wkqkzshgrmmennlcbgpe/pasted-image-sat-jun-27-2026-21-44-16-gmt-0500-colombia-standard-time-highc6d3.png]
[primary.jwwb.nl/public/s/d/n/temp-wkqkzshgrmmennlcbgpe/pasted-image-sat-jun-27-2026-21-44-16-gmt-0500-colombia-standard-time-highdba1.png]
[primary.jwwb.nl/public/s/d/n/temp-wkqkzshgrmmennlcbgpe/pasted-image-sat-jun-27-2026-21-44-16-gmt-0500-colombia-standard-time-high28ac.png]
[primary.jwwb.nl/public/s/d/n/temp-wkqkzshgrmmennlcbgpe/pasted-image-sat-jun-27-2026-21-44-16-gmt-0500-colombia-standard-time-high9704.png]
[primary.jwwb.nl/public/s/d/n/temp-wkqkzshgrmmennlcbgpe/pasted-image-sat-jun-27-2026-21-44-16-gmt-0500-colombia-standard-time-highad38.png]
[primary.jwwb.nl/public/s/d/n/temp-wkqkzshgrmmennlcbgpe/pasted-image-sat-jun-27-2026-21-44-16-gmt-0500-colombia-standard-time-high7d33.png]
[www.heartavenueassociation.com/journalism/3246490_el-centro-compartido-frente-a-la-verticalidad-y-el-retorno-a-la-tribu.html]
[primary.jwwb.nl/public/s/d/n/temp-wkqkzshgrmmennlcbgpe/pexels-kimsanxw-46102905-18031391-high.jpg]
[primary.jwwb.nl/public/s/d/n/temp-wkqkzshgrmmennlcbgpe/pexels-kimsanxw-46102905-18031391-high240c.jpg]
[primary.jwwb.nl/public/s/d/n/temp-wkqkzshgrmmennlcbgpe/pexels-kimsanxw-46102905-18031391-high9250.jpg]
[primary.jwwb.nl/public/s/d/n/temp-wkqkzshgrmmennlcbgpe/pexels-kimsanxw-46102905-18031391-highf3ad.jpg]
[primary.jwwb.nl/public/s/d/n/temp-wkqkzshgrmmennlcbgpe/pexels-kimsanxw-46102905-18031391-high9148.jpg]
[primary.jwwb.nl/public/s/d/n/temp-wkqkzshgrmmennlcbgpe/pexels-kimsanxw-46102905-18031391-high5d71.jpg]
[primary.jwwb.nl/public/s/d/n/temp-wkqkzshgrmmennlcbgpe/pexels-kimsanxw-46102905-18031391-highae3a.jpg]
[primary.jwwb.nl/public/s/d/n/temp-wkqkzshgrmmennlcbgpe/pexels-kimsanxw-46102905-18031391-high8033.jpg]
[primary.jwwb.nl/public/s/d/n/temp-wkqkzshgrmmennlcbgpe/pexels-kimsanxw-46102905-18031391-highb818.jpg]
[primary.jwwb.nl/public/s/d/n/temp-wkqkzshgrmmennlcbgpe/pexels-kimsanxw-46102905-18031391-high8fe0.jpg]
[www.heartavenueassociation.com/journalism/3246482_como-influyen-los-colores-de-nuestras-ciudades-en-el-diseno-grafico-actual.html]
[primary.jwwb.nl/public/s/d/n/temp-wkqkzshgrmmennlcbgpe/pasted-image-sat-jun-27-2026-23-35-35-gmt-0500-colombia-standard-time-high035a.png]
[primary.jwwb.nl/public/s/d/n/temp-wkqkzshgrmmennlcbgpe/pasted-image-sat-jun-27-2026-23-35-35-gmt-0500-colombia-standard-time-highc2be.png]
[primary.jwwb.nl/public/s/d/n/temp-wkqkzshgrmmennlcbgpe/pasted-image-sat-jun-27-2026-23-35-35-gmt-0500-colombia-standard-time-high71f8.png]
[primary.jwwb.nl/public/s/d/n/temp-wkqkzshgrmmennlcbgpe/pasted-image-sat-jun-27-2026-23-35-35-gmt-0500-colombia-standard-time-highb394.png]
[primary.jwwb.nl/public/s/d/n/temp-wkqkzshgrmmennlcbgpe/pasted-image-sat-jun-27-2026-23-35-35-gmt-0500-colombia-standard-time-highf14a.png]
[primary.jwwb.nl/public/s/d/n/temp-wkqkzshgrmmennlcbgpe/pasted-image-sat-jun-27-2026-23-35-35-gmt-0500-colombia-standard-time-high83b3.png]
[primary.jwwb.nl/public/s/d/n/temp-wkqkzshgrmmennlcbgpe/pasted-image-sat-jun-27-2026-23-35-35-gmt-0500-colombia-standard-time-high49c8.png]
[primary.jwwb.nl/public/s/d/n/temp-wkqkzshgrmmennlcbgpe/pasted-image-sat-jun-27-2026-23-35-35-gmt-0500-colombia-standard-time-high8379.png]
[primary.jwwb.nl/public/s/d/n/temp-wkqkzshgrmmennlcbgpe/pasted-image-sat-jun-27-2026-23-35-35-gmt-0500-colombia-standard-time-high25fe.png]
[www.heartavenueassociation.com/journalism/3246520_la-dictadura-del-me-gusta-el-desuso-del-criterio-propio-en-las-camaras-de-eco.html]
[primary.jwwb.nl/public/s/d/n/temp-wkqkzshgrmmennlcbgpe/d8f04d4f333a030ac8fbc63e692a78a6-higha0b2.jpg]
[primary.jwwb.nl/public/s/d/n/temp-wkqkzshgrmmennlcbgpe/d8f04d4f333a030ac8fbc63e692a78a6-high06d2.jpg]
[primary.jwwb.nl/public/s/d/n/temp-wkqkzshgrmmennlcbgpe/d8f04d4f333a030ac8fbc63e692a78a6-highb15e.jpg]
[primary.jwwb.nl/public/s/d/n/temp-wkqkzshgrmmennlcbgpe/d8f04d4f333a030ac8fbc63e692a78a6-high5a6d.jpg]
[primary.jwwb.nl/public/s/d/n/temp-wkqkzshgrmmennlcbgpe/d8f04d4f333a030ac8fbc63e692a78a6-high51e3.jpg]
[primary.jwwb.nl/public/s/d/n/temp-wkqkzshgrmmennlcbgpe/d8f04d4f333a030ac8fbc63e692a78a6-high7930.jpg]
[primary.jwwb.nl/public/s/d/n/temp-wkqkzshgrmmennlcbgpe/d8f04d4f333a030ac8fbc63e692a78a6-high61c4.jpg]
[primary.jwwb.nl/public/s/d/n/temp-wkqkzshgrmmennlcbgpe/d8f04d4f333a030ac8fbc63e692a78a6-high0868.jpg]
[primary.jwwb.nl/public/s/d/n/temp-wkqkzshgrmmennlcbgpe/d8f04d4f333a030ac8fbc63e692a78a6-highdce6.jpg]
[www.heartavenueassociation.com/journalism/3246288_el-movimiento-4b-coreano-una-utopia-en-latinoamerica-o-una-posibilidad-contra-el-sistema.html]
[primary.jwwb.nl/public/s/d/n/temp-wkqkzshgrmmennlcbgpe/pasted-image-sat-jun-27-2026-22-59-07-gmt-0500-colombia-standard-time-highf675.png]
[primary.jwwb.nl/public/s/d/n/temp-wkqkzshgrmmennlcbgpe/pasted-image-sat-jun-27-2026-22-59-07-gmt-0500-colombia-standard-time-highb1b7.png]
[primary.jwwb.nl/public/s/d/n/temp-wkqkzshgrmmennlcbgpe/pasted-image-sat-jun-27-2026-22-59-07-gmt-0500-colombia-standard-time-high83a4.png]
[primary.jwwb.nl/public/s/d/n/temp-wkqkzshgrmmennlcbgpe/pasted-image-sat-jun-27-2026-22-59-07-gmt-0500-colombia-standard-time-highd799.png]
[primary.jwwb.nl/public/s/d/n/temp-wkqkzshgrmmennlcbgpe/pasted-image-sat-jun-27-2026-22-59-07-gmt-0500-colombia-standard-time-highe342.png]
[primary.jwwb.nl/public/s/d/n/temp-wkqkzshgrmmennlcbgpe/pasted-image-sat-jun-27-2026-22-59-07-gmt-0500-colombia-standard-time-high6e53.png]
[primary.jwwb.nl/public/s/d/n/temp-wkqkzshgrmmennlcbgpe/pasted-image-sat-jun-27-2026-22-59-07-gmt-0500-colombia-standard-time-high3e18.png]
[primary.jwwb.nl/public/s/d/n/temp-wkqkzshgrmmennlcbgpe/pasted-image-sat-jun-27-2026-22-59-07-gmt-0500-colombia-standard-time-highe090.png]
[www.heartavenueassociation.com/journalism/3246507_colgar-el-dolor-al-sol-el-arte-sanador-de-monica-mayer.html]
[primary.jwwb.nl/public/s/d/n/temp-wkqkzshgrmmennlcbgpe/pasted-image-sat-jun-27-2026-22-09-28-gmt-0500-colombia-standard-time-high64a6.png]
[primary.jwwb.nl/public/s/d/n/temp-wkqkzshgrmmennlcbgpe/pasted-image-sat-jun-27-2026-22-09-28-gmt-0500-colombia-standard-time-high6baa.png]
[primary.jwwb.nl/public/s/d/n/temp-wkqkzshgrmmennlcbgpe/pasted-image-sat-jun-27-2026-22-09-28-gmt-0500-colombia-standard-time-highecf1.png]
[primary.jwwb.nl/public/s/d/n/temp-wkqkzshgrmmennlcbgpe/pasted-image-sat-jun-27-2026-22-09-28-gmt-0500-colombia-standard-time-higha060.png]
[primary.jwwb.nl/public/s/d/n/temp-wkqkzshgrmmennlcbgpe/pasted-image-sat-jun-27-2026-22-09-28-gmt-0500-colombia-standard-time-high4aa3.png]
[primary.jwwb.nl/public/s/d/n/temp-wkqkzshgrmmennlcbgpe/pasted-image-sat-jun-27-2026-22-09-28-gmt-0500-colombia-standard-time-highff9f.png]
[primary.jwwb.nl/public/s/d/n/temp-wkqkzshgrmmennlcbgpe/pasted-image-sat-jun-27-2026-22-09-28-gmt-0500-colombia-standard-time-highf252.png]
[primary.jwwb.nl/public/s/d/n/temp-wkqkzshgrmmennlcbgpe/pasted-image-sat-jun-27-2026-22-09-28-gmt-0500-colombia-standard-time-highcfc5.png]
[primary.jwwb.nl/public/s/d/n/temp-wkqkzshgrmmennlcbgpe/pasted-image-sat-jun-27-2026-22-09-28-gmt-0500-colombia-standard-time-highfed7.png]
[www.heartavenueassociation.com/journalism/3246496_el-arte-como-medicina-en-ayacucho-puede-un-pincel-sanar-lo-que-las-palabras-callan.html]
[primary.jwwb.nl/public/s/d/n/temp-wkqkzshgrmmennlcbgpe/pasted-image-sat-jun-27-2026-21-33-17-gmt-0500-colombia-standard-time-highd52e.png]
[primary.jwwb.nl/public/s/d/n/temp-wkqkzshgrmmennlcbgpe/pasted-image-sat-jun-27-2026-21-33-17-gmt-0500-colombia-standard-time-high88a2.png]
[primary.jwwb.nl/public/s/d/n/temp-wkqkzshgrmmennlcbgpe/pasted-image-sat-jun-27-2026-21-33-17-gmt-0500-colombia-standard-time-high8f25.png]
[primary.jwwb.nl/public/s/d/n/temp-wkqkzshgrmmennlcbgpe/pasted-image-sat-jun-27-2026-21-33-17-gmt-0500-colombia-standard-time-high9ff1.png]
[primary.jwwb.nl/public/s/d/n/temp-wkqkzshgrmmennlcbgpe/pasted-image-sat-jun-27-2026-21-33-17-gmt-0500-colombia-standard-time-high9043.png]
[primary.jwwb.nl/public/s/d/n/temp-wkqkzshgrmmennlcbgpe/pasted-image-sat-jun-27-2026-21-33-17-gmt-0500-colombia-standard-time-highe9d8.png]
[primary.jwwb.nl/public/s/d/n/temp-wkqkzshgrmmennlcbgpe/pasted-image-sat-jun-27-2026-21-33-17-gmt-0500-colombia-standard-time-highd659.png]
[primary.jwwb.nl/public/s/d/n/temp-wkqkzshgrmmennlcbgpe/pasted-image-sat-jun-27-2026-21-33-17-gmt-0500-colombia-standard-time-high1057.png]
[primary.jwwb.nl/public/s/d/n/temp-wkqkzshgrmmennlcbgpe/pasted-image-sat-jun-27-2026-21-33-17-gmt-0500-colombia-standard-time-high26bf.png]
[www.heartavenueassociation.com/journalism/3246487_los-gatos-y-egipto-introduccion-a-su-historia.html]
[primary.jwwb.nl/public/s/d/n/temp-wkqkzshgrmmennlcbgpe/duplicate-1-high-ru93hk.png]
[primary.jwwb.nl/public/s/d/n/temp-wkqkzshgrmmennlcbgpe/duplicate-1-high-ru93hke874.png]
[primary.jwwb.nl/public/s/d/n/temp-wkqkzshgrmmennlcbgpe/duplicate-1-high-ru93hk9db3.png]
[primary.jwwb.nl/public/s/d/n/temp-wkqkzshgrmmennlcbgpe/duplicate-1-high-ru93hk876f.png]
[primary.jwwb.nl/public/s/d/n/temp-wkqkzshgrmmennlcbgpe/duplicate-1-high-ru93hkb751.png]
[primary.jwwb.nl/public/s/d/n/temp-wkqkzshgrmmennlcbgpe/duplicate-1-high-ru93hk8e62.png]
[primary.jwwb.nl/public/s/d/n/temp-wkqkzshgrmmennlcbgpe/duplicate-1-high-ru93hka994.png]
[primary.jwwb.nl/public/s/d/n/temp-wkqkzshgrmmennlcbgpe/duplicate-1-high-ru93hk671d.png]
[primary.jwwb.nl/public/s/d/n/temp-wkqkzshgrmmennlcbgpe/duplicate-1-high-ru93hka9fe.png]
[primary.jwwb.nl/public/s/d/n/temp-wkqkzshgrmmennlcbgpe/duplicate-1-high-ru93hk7b4e.png]
[www.heartavenueassociation.com/journalism/3246475_el-arte-que-sana-dairo-vargas-y-la-salud-mental-en-la-infancia-y-juventud.html]
[primary.jwwb.nl/public/s/d/n/temp-wkqkzshgrmmennlcbgpe/pasted-image-sat-jun-27-2026-20-10-24-gmt-0500-colombia-standard-time-higha094.png]
[primary.jwwb.nl/public/s/d/n/temp-wkqkzshgrmmennlcbgpe/pasted-image-sat-jun-27-2026-20-10-24-gmt-0500-colombia-standard-time-highc00a.png]
[primary.jwwb.nl/public/s/d/n/temp-wkqkzshgrmmennlcbgpe/pasted-image-sat-jun-27-2026-20-10-24-gmt-0500-colombia-standard-time-high2cfe.png]
[primary.jwwb.nl/public/s/d/n/temp-wkqkzshgrmmennlcbgpe/pasted-image-sat-jun-27-2026-20-10-24-gmt-0500-colombia-standard-time-highfff6.png]
[primary.jwwb.nl/public/s/d/n/temp-wkqkzshgrmmennlcbgpe/pasted-image-sat-jun-27-2026-20-10-24-gmt-0500-colombia-standard-time-high6aa5.png]
[primary.jwwb.nl/public/s/d/n/temp-wkqkzshgrmmennlcbgpe/pasted-image-sat-jun-27-2026-20-10-24-gmt-0500-colombia-standard-time-high6c2b.png]
[primary.jwwb.nl/public/s/d/n/temp-wkqkzshgrmmennlcbgpe/pasted-image-sat-jun-27-2026-20-10-24-gmt-0500-colombia-standard-time-highf30d.png]
[primary.jwwb.nl/public/s/d/n/temp-wkqkzshgrmmennlcbgpe/pasted-image-sat-jun-27-2026-20-10-24-gmt-0500-colombia-standard-time-high0a74.png]
[primary.jwwb.nl/public/s/d/n/temp-wkqkzshgrmmennlcbgpe/pasted-image-sat-jun-27-2026-20-10-24-gmt-0500-colombia-standard-time-highe2a6.png]
[www.heartavenueassociation.com/journalism/3246462_museos-sin-paredes-la-sabiduria-infinita-de-nuestras-abuelas.html]
[primary.jwwb.nl/public/s/d/n/temp-wkqkzshgrmmennlcbgpe/pasted-image-sat-jun-27-2026-21-57-05-gmt-0500-colombia-standard-time-highfa7b.png]
[primary.jwwb.nl/public/s/d/n/temp-wkqkzshgrmmennlcbgpe/pasted-image-sat-jun-27-2026-21-57-05-gmt-0500-colombia-standard-time-high17d9.png]
[primary.jwwb.nl/public/s/d/n/temp-wkqkzshgrmmennlcbgpe/pasted-image-sat-jun-27-2026-21-57-05-gmt-0500-colombia-standard-time-highf9a5.png]
[primary.jwwb.nl/public/s/d/n/temp-wkqkzshgrmmennlcbgpe/pasted-image-sat-jun-27-2026-21-57-05-gmt-0500-colombia-standard-time-highf982.png]
[primary.jwwb.nl/public/s/d/n/temp-wkqkzshgrmmennlcbgpe/pasted-image-sat-jun-27-2026-21-57-05-gmt-0500-colombia-standard-time-highe7a3.png]
[primary.jwwb.nl/public/s/d/n/temp-wkqkzshgrmmennlcbgpe/pasted-image-sat-jun-27-2026-21-57-05-gmt-0500-colombia-standard-time-highb01f.png]
[primary.jwwb.nl/public/s/d/n/temp-wkqkzshgrmmennlcbgpe/pasted-image-sat-jun-27-2026-21-57-05-gmt-0500-colombia-standard-time-high5fa8.png]
[primary.jwwb.nl/public/s/d/n/temp-wkqkzshgrmmennlcbgpe/pasted-image-sat-jun-27-2026-21-57-05-gmt-0500-colombia-standard-time-highc86e.png]
[primary.jwwb.nl/public/s/d/n/temp-wkqkzshgrmmennlcbgpe/pasted-image-sat-jun-27-2026-21-57-05-gmt-0500-colombia-standard-time-highfcfb.png]
[www.heartavenueassociation.com/journalism/3246495_la-metafisica-del-brillo-por-que-los-mortales-amamos-el-oro.html]
[primary.jwwb.nl/public/s/d/n/temp-wkqkzshgrmmennlcbgpe/pasted-image-sat-jun-27-2026-22-18-39-gmt-0500-colombia-standard-time-high.png]
[primary.jwwb.nl/public/s/d/n/temp-wkqkzshgrmmennlcbgpe/pasted-image-sat-jun-27-2026-22-20-51-gmt-0500-colombia-standard-time-high.png]
[primary.jwwb.nl/public/s/d/n/temp-wkqkzshgrmmennlcbgpe/pasted-image-sat-jun-27-2026-22-22-26-gmt-0500-colombia-standard-time-high.png]
[primary.jwwb.nl/public/s/d/n/temp-wkqkzshgrmmennlcbgpe/pasted-image-sat-jun-27-2026-22-24-39-gmt-0500-colombia-standard-time-high.png]
[primary.jwwb.nl/public/s/d/n/temp-wkqkzshgrmmennlcbgpe/pasted-image-sat-jun-27-2026-22-17-21-gmt-0500-colombia-standard-time-highf675.png]
[primary.jwwb.nl/public/s/d/n/temp-wkqkzshgrmmennlcbgpe/pasted-image-sat-jun-27-2026-22-17-21-gmt-0500-colombia-standard-time-highb1b7.png]
[primary.jwwb.nl/public/s/d/n/temp-wkqkzshgrmmennlcbgpe/pasted-image-sat-jun-27-2026-22-17-21-gmt-0500-colombia-standard-time-high83a4.png]
[primary.jwwb.nl/public/s/d/n/temp-wkqkzshgrmmennlcbgpe/pasted-image-sat-jun-27-2026-22-17-21-gmt-0500-colombia-standard-time-highd799.png]
[primary.jwwb.nl/public/s/d/n/temp-wkqkzshgrmmennlcbgpe/pasted-image-sat-jun-27-2026-22-17-21-gmt-0500-colombia-standard-time-highe342.png]
[primary.jwwb.nl/public/s/d/n/temp-wkqkzshgrmmennlcbgpe/pasted-image-sat-jun-27-2026-22-17-21-gmt-0500-colombia-standard-time-high6e53.png]
[primary.jwwb.nl/public/s/d/n/temp-wkqkzshgrmmennlcbgpe/pasted-image-sat-jun-27-2026-22-17-21-gmt-0500-colombia-standard-time-high3e18.png]
[primary.jwwb.nl/public/s/d/n/temp-wkqkzshgrmmennlcbgpe/pasted-image-sat-jun-27-2026-22-17-21-gmt-0500-colombia-standard-time-highe090.png]
[primary.jwwb.nl/public/s/d/n/temp-wkqkzshgrmmennlcbgpe/pasted-image-sat-jun-27-2026-22-18-39-gmt-0500-colombia-standard-time-high3f3d.png]
[primary.jwwb.nl/public/s/d/n/temp-wkqkzshgrmmennlcbgpe/pasted-image-sat-jun-27-2026-22-18-39-gmt-0500-colombia-standard-time-highf990.png]
[primary.jwwb.nl/public/s/d/n/temp-wkqkzshgrmmennlcbgpe/pasted-image-sat-jun-27-2026-22-18-39-gmt-0500-colombia-standard-time-high978e.png]
[primary.jwwb.nl/public/s/d/n/temp-wkqkzshgrmmennlcbgpe/pasted-image-sat-jun-27-2026-22-18-39-gmt-0500-colombia-standard-time-high3ac2.png]
[primary.jwwb.nl/public/s/d/n/temp-wkqkzshgrmmennlcbgpe/pasted-image-sat-jun-27-2026-22-18-39-gmt-0500-colombia-standard-time-highb117.png]
[primary.jwwb.nl/public/s/d/n/temp-wkqkzshgrmmennlcbgpe/pasted-image-sat-jun-27-2026-22-18-39-gmt-0500-colombia-standard-time-highb489.png]
[primary.jwwb.nl/public/s/d/n/temp-wkqkzshgrmmennlcbgpe/pasted-image-sat-jun-27-2026-22-18-39-gmt-0500-colombia-standard-time-high1791.png]
[primary.jwwb.nl/public/s/d/n/temp-wkqkzshgrmmennlcbgpe/pasted-image-sat-jun-27-2026-22-18-39-gmt-0500-colombia-standard-time-high0118.png]
[primary.jwwb.nl/public/s/d/n/temp-wkqkzshgrmmennlcbgpe/pasted-image-sat-jun-27-2026-22-18-39-gmt-0500-colombia-standard-time-higha553.png]
[primary.jwwb.nl/public/s/d/n/temp-wkqkzshgrmmennlcbgpe/pasted-image-sat-jun-27-2026-22-20-51-gmt-0500-colombia-standard-time-high8ab4.png]
[primary.jwwb.nl/public/s/d/n/temp-wkqkzshgrmmennlcbgpe/pasted-image-sat-jun-27-2026-22-20-51-gmt-0500-colombia-standard-time-high5f32.png]
[primary.jwwb.nl/public/s/d/n/temp-wkqkzshgrmmennlcbgpe/pasted-image-sat-jun-27-2026-22-20-51-gmt-0500-colombia-standard-time-highcdbb.png]
[primary.jwwb.nl/public/s/d/n/temp-wkqkzshgrmmennlcbgpe/pasted-image-sat-jun-27-2026-22-20-51-gmt-0500-colombia-standard-time-highcd75.png]
[primary.jwwb.nl/public/s/d/n/temp-wkqkzshgrmmennlcbgpe/pasted-image-sat-jun-27-2026-22-20-51-gmt-0500-colombia-standard-time-high63cc.png]
[primary.jwwb.nl/public/s/d/n/temp-wkqkzshgrmmennlcbgpe/pasted-image-sat-jun-27-2026-22-20-51-gmt-0500-colombia-standard-time-high1914.png]
[primary.jwwb.nl/public/s/d/n/temp-wkqkzshgrmmennlcbgpe/pasted-image-sat-jun-27-2026-22-20-51-gmt-0500-colombia-standard-time-highae79.png]
[primary.jwwb.nl/public/s/d/n/temp-wkqkzshgrmmennlcbgpe/pasted-image-sat-jun-27-2026-22-20-51-gmt-0500-colombia-standard-time-high7b60.png]
[primary.jwwb.nl/public/s/d/n/temp-wkqkzshgrmmennlcbgpe/pasted-image-sat-jun-27-2026-22-20-51-gmt-0500-colombia-standard-time-high3ec2.png]
[primary.jwwb.nl/public/s/d/n/temp-wkqkzshgrmmennlcbgpe/pasted-image-sat-jun-27-2026-22-22-26-gmt-0500-colombia-standard-time-high59cc.png]
[primary.jwwb.nl/public/s/d/n/temp-wkqkzshgrmmennlcbgpe/pasted-image-sat-jun-27-2026-22-22-26-gmt-0500-colombia-standard-time-highdb5f.png]
[primary.jwwb.nl/public/s/d/n/temp-wkqkzshgrmmennlcbgpe/pasted-image-sat-jun-27-2026-22-22-26-gmt-0500-colombia-standard-time-higha076.png]
[primary.jwwb.nl/public/s/d/n/temp-wkqkzshgrmmennlcbgpe/pasted-image-sat-jun-27-2026-22-22-26-gmt-0500-colombia-standard-time-highe49f.png]
[primary.jwwb.nl/public/s/d/n/temp-wkqkzshgrmmennlcbgpe/pasted-image-sat-jun-27-2026-22-22-26-gmt-0500-colombia-standard-time-high6449.png]
[primary.jwwb.nl/public/s/d/n/temp-wkqkzshgrmmennlcbgpe/pasted-image-sat-jun-27-2026-22-22-26-gmt-0500-colombia-standard-time-high19d6.png]
[primary.jwwb.nl/public/s/d/n/temp-wkqkzshgrmmennlcbgpe/pasted-image-sat-jun-27-2026-22-22-26-gmt-0500-colombia-standard-time-highc7ed.png]
[primary.jwwb.nl/public/s/d/n/temp-wkqkzshgrmmennlcbgpe/pasted-image-sat-jun-27-2026-22-22-26-gmt-0500-colombia-standard-time-highf283.png]
[primary.jwwb.nl/public/s/d/n/temp-wkqkzshgrmmennlcbgpe/pasted-image-sat-jun-27-2026-22-22-26-gmt-0500-colombia-standard-time-high32cb.png]
[primary.jwwb.nl/public/s/d/n/temp-wkqkzshgrmmennlcbgpe/pasted-image-sat-jun-27-2026-22-24-39-gmt-0500-colombia-standard-time-higha1f7.png]
[primary.jwwb.nl/public/s/d/n/temp-wkqkzshgrmmennlcbgpe/pasted-image-sat-jun-27-2026-22-24-39-gmt-0500-colombia-standard-time-high3028.png]
[primary.jwwb.nl/public/s/d/n/temp-wkqkzshgrmmennlcbgpe/pasted-image-sat-jun-27-2026-22-24-39-gmt-0500-colombia-standard-time-high741a.png]
[primary.jwwb.nl/public/s/d/n/temp-wkqkzshgrmmennlcbgpe/pasted-image-sat-jun-27-2026-22-24-39-gmt-0500-colombia-standard-time-high334b.png]
[primary.jwwb.nl/public/s/d/n/temp-wkqkzshgrmmennlcbgpe/pasted-image-sat-jun-27-2026-22-24-39-gmt-0500-colombia-standard-time-high8a69.png]
[primary.jwwb.nl/public/s/d/n/temp-wkqkzshgrmmennlcbgpe/pasted-image-sat-jun-27-2026-22-24-39-gmt-0500-colombia-standard-time-highec3e.png]
[primary.jwwb.nl/public/s/d/n/temp-wkqkzshgrmmennlcbgpe/pasted-image-sat-jun-27-2026-22-24-39-gmt-0500-colombia-standard-time-higha193.png]
[primary.jwwb.nl/public/s/d/n/temp-wkqkzshgrmmennlcbgpe/pasted-image-sat-jun-27-2026-22-24-39-gmt-0500-colombia-standard-time-highfab4.png]
[primary.jwwb.nl/public/s/d/n/temp-wkqkzshgrmmennlcbgpe/pasted-image-sat-jun-27-2026-22-24-39-gmt-0500-colombia-standard-time-high7a4f.png]
[www.heartavenueassociation.com/journalism/3246501_de-latinoamerica-a-la-nasa-mujeres-stem-que-rompieron-las-reglas-y-hacen-historia.html]
[primary.jwwb.nl/public/s/d/n/temp-wkqkzshgrmmennlcbgpe/20240105-christina-koch-high.jpg]
[primary.jwwb.nl/public/s/d/n/temp-wkqkzshgrmmennlcbgpe/20240105-christina-koch-high07da.jpg]
[primary.jwwb.nl/public/s/d/n/temp-wkqkzshgrmmennlcbgpe/20240105-christina-koch-highd966.jpg]
[primary.jwwb.nl/public/s/d/n/temp-wkqkzshgrmmennlcbgpe/20240105-christina-koch-higha243.jpg]
[primary.jwwb.nl/public/s/d/n/temp-wkqkzshgrmmennlcbgpe/20240105-christina-koch-highac6b.jpg]
[primary.jwwb.nl/public/s/d/n/temp-wkqkzshgrmmennlcbgpe/20240105-christina-koch-high560a.jpg]
[primary.jwwb.nl/public/s/d/n/temp-wkqkzshgrmmennlcbgpe/20240105-christina-koch-high72a6.jpg]
[primary.jwwb.nl/public/s/d/n/temp-wkqkzshgrmmennlcbgpe/20240105-christina-koch-high8d58.jpg]
[primary.jwwb.nl/public/s/d/n/temp-wkqkzshgrmmennlcbgpe/20240105-christina-koch-high7942.jpg]
[primary.jwwb.nl/public/s/d/n/temp-wkqkzshgrmmennlcbgpe/20240105-christina-koch-highc3c2.jpg]
[www.heartavenueassociation.com/journalism/3246448_yo-tampoco-creia-en-mi-christina-koch-la-primera-mujer-que-viajo-a-la-luna.html]
[primary.jwwb.nl/public/s/d/n/temp-wkqkzshgrmmennlcbgpe/pasted-image-sat-jun-27-2026-19-56-46-gmt-0500-colombia-standard-time-highb6bb.png]
[primary.jwwb.nl/public/s/d/n/temp-wkqkzshgrmmennlcbgpe/pasted-image-sat-jun-27-2026-19-56-46-gmt-0500-colombia-standard-time-highb6fa.png]
[primary.jwwb.nl/public/s/d/n/temp-wkqkzshgrmmennlcbgpe/pasted-image-sat-jun-27-2026-19-56-46-gmt-0500-colombia-standard-time-high6a0f.png]
[primary.jwwb.nl/public/s/d/n/temp-wkqkzshgrmmennlcbgpe/pasted-image-sat-jun-27-2026-19-56-46-gmt-0500-colombia-standard-time-high8c3f.png]
[primary.jwwb.nl/public/s/d/n/temp-wkqkzshgrmmennlcbgpe/pasted-image-sat-jun-27-2026-19-56-46-gmt-0500-colombia-standard-time-high7639.png]
[primary.jwwb.nl/public/s/d/n/temp-wkqkzshgrmmennlcbgpe/pasted-image-sat-jun-27-2026-19-56-46-gmt-0500-colombia-standard-time-high62d2.png]
[primary.jwwb.nl/public/s/d/n/temp-wkqkzshgrmmennlcbgpe/pasted-image-sat-jun-27-2026-19-56-46-gmt-0500-colombia-standard-time-high6d81.png]
[primary.jwwb.nl/public/s/d/n/temp-wkqkzshgrmmennlcbgpe/pasted-image-sat-jun-27-2026-19-56-46-gmt-0500-colombia-standard-time-highd0bd.png]
[primary.jwwb.nl/public/s/d/n/temp-wkqkzshgrmmennlcbgpe/pasted-image-sat-jun-27-2026-19-56-46-gmt-0500-colombia-standard-time-highe8f4.png]
[www.heartavenueassociation.com/journalism/3246449_por-que-el-arte-ayuda-a-los-ninos-a-expresarse-lo-que-no-pueden-comunicar.html]
[www.heartavenueassociation.com/'https_/primary.jwwb.nl/public/s/d/n/temp-wkqkzshgrmmennlcbgpe/pasted-image-tue-jun-30-2026-09-58-57-gmt-0500-colombia-standard-time-standard0450.html]
[primary.jwwb.nl/public/s/d/n/temp-wkqkzshgrmmennlcbgpe/dise-o-publicitario-ciis-heart-avenu-assoc-innova-schools-lemos-3-highcff9.jpg]
[primary.jwwb.nl/public/s/d/n/temp-wkqkzshgrmmennlcbgpe/dise-o-publicitario-ciis-heart-avenu-assoc-innova-schools-lemos-3-high5865.jpg]
[primary.jwwb.nl/public/s/d/n/temp-wkqkzshgrmmennlcbgpe/dise-o-publicitario-ciis-heart-avenu-assoc-innova-schools-lemos-2-highcff9.jpg]
[primary.jwwb.nl/public/s/d/n/temp-wkqkzshgrmmennlcbgpe/dise-o-publicitario-ciis-heart-avenu-assoc-innova-schools-lemos-2-high.jpg]
[primary.jwwb.nl/public/s/d/n/temp-wkqkzshgrmmennlcbgpe/dise-o-publicitario-ciis-heart-avenu-assoc-innova-schools-lemos-2-high5865.jpg]
[www.heartavenueassociation.com/journalism/latest-news-programs/3250351_empowering-the-next-generation-of-scientists-heart-avenue-association-launches-the-health-innovation-research-club-ciis-in-peru.html]
[www.heartavenueassociation.com/'https_/primary.jwwb.nl/public/s/d/n/temp-wkqkzshgrmmennlcbgpe/pasted-image-sun-jun-28-2026-23-43-01-gmt-0500-colombia-standard-time-standard-v3ph1y0450.html]
[primary.jwwb.nl/public/s/d/n/temp-wkqkzshgrmmennlcbgpe/saveclip-app_561762980_17858324553519540_145460339595040667_n-high.jpg]
[primary.jwwb.nl/public/s/d/n/temp-wkqkzshgrmmennlcbgpe/saveclip-app_561762980_17858324553519540_145460339595040667_n-high539f.jpg]
[primary.jwwb.nl/public/s/d/n/temp-wkqkzshgrmmennlcbgpe/saveclip-app_561762980_17858324553519540_145460339595040667_n-high5865.jpg]
[primary.jwwb.nl/public/s/d/n/temp-wkqkzshgrmmennlcbgpe/saveclip-app_561624154_17858324931519540_6574761293688708675_n-high539f.jpg]
[primary.jwwb.nl/public/s/d/n/temp-wkqkzshgrmmennlcbgpe/saveclip-app_561624154_17858324931519540_6574761293688708675_n-high.jpg]
[primary.jwwb.nl/public/s/d/n/temp-wkqkzshgrmmennlcbgpe/saveclip-app_561624154_17858324931519540_6574761293688708675_n-high5865.jpg]
[primary.jwwb.nl/public/s/d/n/temp-wkqkzshgrmmennlcbgpe/saveclip-app_560577158_17858324940519540_7250956078096234054_n-high539f.jpg]
[primary.jwwb.nl/public/s/d/n/temp-wkqkzshgrmmennlcbgpe/saveclip-app_560577158_17858324940519540_7250956078096234054_n-high.jpg]
[primary.jwwb.nl/public/s/d/n/temp-wkqkzshgrmmennlcbgpe/saveclip-app_560577158_17858324940519540_7250956078096234054_n-high5865.jpg]
[www.heartavenueassociation.com/about-us/work-reports/3246579_community-drive-brings-essential-care-and-comfort-to-vulnerable-youth-in-johannesburg.html]
[primary.jwwb.nl/public/s/d/n/temp-wkqkzshgrmmennlcbgpe/saveclip-app_527451722_18013037180779696_2053973393952880769_n-high539f.jpg]
[primary.jwwb.nl/public/s/d/n/temp-wkqkzshgrmmennlcbgpe/saveclip-app_527451722_18013037180779696_2053973393952880769_n-high5865.jpg]
[primary.jwwb.nl/public/s/d/n/temp-wkqkzshgrmmennlcbgpe/saveclip-app_527608393_18013037036779696_7503218414007438987_n-high539f.jpg]
[primary.jwwb.nl/public/s/d/n/temp-wkqkzshgrmmennlcbgpe/saveclip-app_527608393_18013037036779696_7503218414007438987_n-high.jpg]
[primary.jwwb.nl/public/s/d/n/temp-wkqkzshgrmmennlcbgpe/saveclip-app_527608393_18013037036779696_7503218414007438987_n-high164e.jpg]
[primary.jwwb.nl/public/s/d/n/temp-wkqkzshgrmmennlcbgpe/saveclip-app_527580022_18013037027779696_3024085607194025172_n-high539f.jpg]
[primary.jwwb.nl/public/s/d/n/temp-wkqkzshgrmmennlcbgpe/saveclip-app_527580022_18013037027779696_3024085607194025172_n-high.jpg]
[primary.jwwb.nl/public/s/d/n/temp-wkqkzshgrmmennlcbgpe/saveclip-app_527580022_18013037027779696_3024085607194025172_n-high164e.jpg]
[primary.jwwb.nl/public/s/d/n/temp-wkqkzshgrmmennlcbgpe/saveclip-app_526950882_18013037018779696_1099859348015930999_n-high539f.jpg]
[primary.jwwb.nl/public/s/d/n/temp-wkqkzshgrmmennlcbgpe/saveclip-app_526950882_18013037018779696_1099859348015930999_n-high.jpg]
[primary.jwwb.nl/public/s/d/n/temp-wkqkzshgrmmennlcbgpe/saveclip-app_526950882_18013037018779696_1099859348015930999_n-high164e.jpg]
[primary.jwwb.nl/public/s/d/n/temp-wkqkzshgrmmennlcbgpe/saveclip-app_527461151_18013036919779696_7868758075507819281_n-high539f.jpg]
[primary.jwwb.nl/public/s/d/n/temp-wkqkzshgrmmennlcbgpe/saveclip-app_527461151_18013036919779696_7868758075507819281_n-high.jpg]
[primary.jwwb.nl/public/s/d/n/temp-wkqkzshgrmmennlcbgpe/saveclip-app_527461151_18013036919779696_7868758075507819281_n-high5865.jpg]
[primary.jwwb.nl/public/s/d/n/temp-wkqkzshgrmmennlcbgpe/saveclip-app_527705017_18013036910779696_7995512206448236146_n-high539f.jpg]
[primary.jwwb.nl/public/s/d/n/temp-wkqkzshgrmmennlcbgpe/saveclip-app_527705017_18013036910779696_7995512206448236146_n-high.jpg]
[primary.jwwb.nl/public/s/d/n/temp-wkqkzshgrmmennlcbgpe/saveclip-app_527705017_18013036910779696_7995512206448236146_n-high5865.jpg]
[primary.jwwb.nl/public/s/d/n/temp-wkqkzshgrmmennlcbgpe/saveclip-app_527318117_18013036889779696_7721538157036210967_n-high539f.jpg]
[primary.jwwb.nl/public/s/d/n/temp-wkqkzshgrmmennlcbgpe/saveclip-app_527318117_18013036889779696_7721538157036210967_n-high.jpg]
[primary.jwwb.nl/public/s/d/n/temp-wkqkzshgrmmennlcbgpe/saveclip-app_527318117_18013036889779696_7721538157036210967_n-high5865.jpg]
[primary.jwwb.nl/public/s/d/n/temp-wkqkzshgrmmennlcbgpe/saveclip-app_527443152_18013037171779696_3217070594594539135_n-high539f.jpg]
[primary.jwwb.nl/public/s/d/n/temp-wkqkzshgrmmennlcbgpe/saveclip-app_527443152_18013037171779696_3217070594594539135_n-high.jpg]
[primary.jwwb.nl/public/s/d/n/temp-wkqkzshgrmmennlcbgpe/saveclip-app_527443152_18013037171779696_3217070594594539135_n-high5865.jpg]
[primary.jwwb.nl/public/s/d/n/temp-wkqkzshgrmmennlcbgpe/saveclip-app_527769483_18013037153779696_5116888455973485198_n-high539f.jpg]
[primary.jwwb.nl/public/s/d/n/temp-wkqkzshgrmmennlcbgpe/saveclip-app_527769483_18013037153779696_5116888455973485198_n-high.jpg]
[primary.jwwb.nl/public/s/d/n/temp-wkqkzshgrmmennlcbgpe/saveclip-app_527769483_18013037153779696_5116888455973485198_n-high5865.jpg]
[www.heartavenueassociation.com/about-us/work-reports/3246566_artistic-expression-fosters-well-being-for-neurodivergent-children-at-king-hamad-american-mission-hospital.html]
[primary.jwwb.nl/public/s/d/n/temp-wkqkzshgrmmennlcbgpe/pasted-image-sun-jun-28-2026-23-39-33-gmt-0500-colombia-standard-time-high4877.png]
[primary.jwwb.nl/public/s/d/n/temp-wkqkzshgrmmennlcbgpe/pasted-image-sun-jun-28-2026-23-39-33-gmt-0500-colombia-standard-time-high3a2f.png]
[primary.jwwb.nl/public/s/d/n/temp-wkqkzshgrmmennlcbgpe/pasted-image-sun-jun-28-2026-23-39-33-gmt-0500-colombia-standard-time-high0adf.png]
[primary.jwwb.nl/public/s/d/n/temp-wkqkzshgrmmennlcbgpe/pasted-image-sun-jun-28-2026-23-39-33-gmt-0500-colombia-standard-time-high8bc4.png]
[primary.jwwb.nl/public/s/d/n/temp-wkqkzshgrmmennlcbgpe/pasted-image-sun-jun-28-2026-23-39-33-gmt-0500-colombia-standard-time-highc15e.png]
[primary.jwwb.nl/public/s/d/n/temp-wkqkzshgrmmennlcbgpe/pasted-image-sun-jun-28-2026-23-39-33-gmt-0500-colombia-standard-time-high9200.png]
[primary.jwwb.nl/public/s/d/n/temp-wkqkzshgrmmennlcbgpe/pasted-image-sun-jun-28-2026-23-39-33-gmt-0500-colombia-standard-time-high524e.png]
[primary.jwwb.nl/public/s/d/n/temp-wkqkzshgrmmennlcbgpe/pasted-image-sun-jun-28-2026-23-39-33-gmt-0500-colombia-standard-time-high29b8.png]
[www.heartavenueassociation.com/about-us/work-reports/3247932_strongher-strategic-advocacy-forum.html]
[www.heartavenueassociation.com/'https_/i.vimeocdn.com/video/2174186207-211133ffc372ccb8e9780d1dca1a2ee3e6a2e95963f051c60c2025f47df9305e-d_1920x10804c74.html]
[primary.jwwb.nl/public/s/d/n/temp-wkqkzshgrmmennlcbgpe/pasted-image-mon-jun-29-2026-15-19-49-gmt-0500-colombia-standard-time-highec1d.png]
[primary.jwwb.nl/public/s/d/n/temp-wkqkzshgrmmennlcbgpe/pasted-image-mon-jun-29-2026-15-19-26-gmt-0500-colombia-standard-time-high.png]
[primary.jwwb.nl/public/s/d/n/temp-wkqkzshgrmmennlcbgpe/pasted-image-mon-jun-29-2026-15-19-49-gmt-0500-colombia-standard-time-high9590.png]
[primary.jwwb.nl/public/s/d/n/temp-wkqkzshgrmmennlcbgpe/pasted-image-mon-jun-29-2026-15-19-49-gmt-0500-colombia-standard-time-highb83c.png]
[primary.jwwb.nl/public/s/d/n/temp-wkqkzshgrmmennlcbgpe/pasted-image-mon-jun-29-2026-15-19-49-gmt-0500-colombia-standard-time-highd71c.png]
[primary.jwwb.nl/public/s/d/n/temp-wkqkzshgrmmennlcbgpe/pasted-image-mon-jun-29-2026-15-19-49-gmt-0500-colombia-standard-time-high6489.png]
[primary.jwwb.nl/public/s/d/n/temp-wkqkzshgrmmennlcbgpe/pasted-image-mon-jun-29-2026-15-19-49-gmt-0500-colombia-standard-time-high2513.png]
[primary.jwwb.nl/public/s/d/n/temp-wkqkzshgrmmennlcbgpe/pasted-image-mon-jun-29-2026-15-19-49-gmt-0500-colombia-standard-time-highecb7.png]
[primary.jwwb.nl/public/s/d/n/temp-wkqkzshgrmmennlcbgpe/pasted-image-mon-jun-29-2026-15-19-49-gmt-0500-colombia-standard-time-higha5a3.png]
[primary.jwwb.nl/public/s/d/n/temp-wkqkzshgrmmennlcbgpe/pasted-image-mon-jun-29-2026-15-19-49-gmt-0500-colombia-standard-time-high5bd8.png]
[primary.jwwb.nl/public/s/d/n/temp-wkqkzshgrmmennlcbgpe/pasted-image-mon-jun-29-2026-15-19-49-gmt-0500-colombia-standard-time-highd53b.png]
[primary.jwwb.nl/public/s/d/n/temp-wkqkzshgrmmennlcbgpe/pasted-image-mon-jun-29-2026-15-19-26-gmt-0500-colombia-standard-time-high967d.png]
[primary.jwwb.nl/public/s/d/n/temp-wkqkzshgrmmennlcbgpe/pasted-image-mon-jun-29-2026-15-19-26-gmt-0500-colombia-standard-time-high11b0.png]
[primary.jwwb.nl/public/s/d/n/temp-wkqkzshgrmmennlcbgpe/pasted-image-mon-jun-29-2026-15-19-26-gmt-0500-colombia-standard-time-high04a5.png]
[primary.jwwb.nl/public/s/d/n/temp-wkqkzshgrmmennlcbgpe/pasted-image-mon-jun-29-2026-15-19-26-gmt-0500-colombia-standard-time-high49d3.png]
[primary.jwwb.nl/public/s/d/n/temp-wkqkzshgrmmennlcbgpe/pasted-image-mon-jun-29-2026-15-19-26-gmt-0500-colombia-standard-time-highbe95.png]
[primary.jwwb.nl/public/s/d/n/temp-wkqkzshgrmmennlcbgpe/pasted-image-mon-jun-29-2026-15-19-26-gmt-0500-colombia-standard-time-high4dc9.png]
[primary.jwwb.nl/public/s/d/n/temp-wkqkzshgrmmennlcbgpe/pasted-image-mon-jun-29-2026-15-19-26-gmt-0500-colombia-standard-time-highb7a3.png]
[primary.jwwb.nl/public/s/d/n/temp-wkqkzshgrmmennlcbgpe/pasted-image-mon-jun-29-2026-15-19-26-gmt-0500-colombia-standard-time-higha1d9.png]
[primary.jwwb.nl/public/s/d/n/temp-wkqkzshgrmmennlcbgpe/pasted-image-mon-jun-29-2026-15-19-26-gmt-0500-colombia-standard-time-highdde6.png]
[www.heartavenueassociation.com/about-us/partnerships/partner-with-us.html]
[www.heartavenueassociation.com/hullables.html]
[www.heartavenueassociation.com/'https_/primary.jwwb.nl/public/s/d/n/temp-wkqkzshgrmmennlcbgpe/pasted-image-fri-jul-03-2026-10-46-09-gmt-0500-colombia-standard-time-standard0450.html]
[primary.jwwb.nl/public/s/d/n/temp-wkqkzshgrmmennlcbgpe/image-high-as9ysy.png]
[primary.jwwb.nl/public/s/d/n/temp-wkqkzshgrmmennlcbgpe/pasted-image-sun-jun-28-2026-22-40-46-gmt-0500-colombia-standard-time-high.png]
[primary.jwwb.nl/public/s/d/n/temp-wkqkzshgrmmennlcbgpe/pasted-image-sun-jun-28-2026-22-12-51-gmt-0500-colombia-standard-time-standard.png]
[primary.jwwb.nl/public/s/d/n/temp-wkqkzshgrmmennlcbgpe/image-high-as9ysy1e22.png]
[primary.jwwb.nl/public/s/d/n/temp-wkqkzshgrmmennlcbgpe/image-high-as9ysye7f9.png]
[primary.jwwb.nl/public/s/d/n/temp-wkqkzshgrmmennlcbgpe/image-high-as9ysy50a4.png]
[primary.jwwb.nl/public/s/d/n/temp-wkqkzshgrmmennlcbgpe/image-high-as9ysya8a5.png]
[primary.jwwb.nl/public/s/d/n/temp-wkqkzshgrmmennlcbgpe/image-high-as9ysybe6b.png]
[primary.jwwb.nl/public/s/d/n/temp-wkqkzshgrmmennlcbgpe/image-high-as9ysyfa66.png]
[primary.jwwb.nl/public/s/d/n/temp-wkqkzshgrmmennlcbgpe/image-high-as9ysy13a9.png]
[primary.jwwb.nl/public/s/d/n/temp-wkqkzshgrmmennlcbgpe/image-high-as9ysy9654.png]
[primary.jwwb.nl/public/s/d/n/temp-wkqkzshgrmmennlcbgpe/image-high-as9ysyb1fc.png]
[primary.jwwb.nl/public/s/d/n/temp-wkqkzshgrmmennlcbgpe/pasted-image-sun-jun-28-2026-22-40-46-gmt-0500-colombia-standard-time-high1e22.png]
[primary.jwwb.nl/public/s/d/n/temp-wkqkzshgrmmennlcbgpe/pasted-image-sun-jun-28-2026-22-40-46-gmt-0500-colombia-standard-time-highe7f9.png]
[primary.jwwb.nl/public/s/d/n/temp-wkqkzshgrmmennlcbgpe/pasted-image-sun-jun-28-2026-22-40-46-gmt-0500-colombia-standard-time-high50a4.png]
[primary.jwwb.nl/public/s/d/n/temp-wkqkzshgrmmennlcbgpe/pasted-image-sun-jun-28-2026-22-40-46-gmt-0500-colombia-standard-time-higha8a5.png]
[primary.jwwb.nl/public/s/d/n/temp-wkqkzshgrmmennlcbgpe/pasted-image-sun-jun-28-2026-22-40-46-gmt-0500-colombia-standard-time-highbe6b.png]
[primary.jwwb.nl/public/s/d/n/temp-wkqkzshgrmmennlcbgpe/pasted-image-sun-jun-28-2026-22-40-46-gmt-0500-colombia-standard-time-highfa66.png]
[primary.jwwb.nl/public/s/d/n/temp-wkqkzshgrmmennlcbgpe/pasted-image-sun-jun-28-2026-22-40-46-gmt-0500-colombia-standard-time-high13a9.png]
[primary.jwwb.nl/public/s/d/n/temp-wkqkzshgrmmennlcbgpe/pasted-image-sun-jun-28-2026-22-40-46-gmt-0500-colombia-standard-time-high9654.png]
[primary.jwwb.nl/public/s/d/n/temp-wkqkzshgrmmennlcbgpe/pasted-image-sun-jun-28-2026-22-40-46-gmt-0500-colombia-standard-time-highb1fc.png]
[www.heartavenueassociation.com/digital-library/storybooks/the-pendant-of-the-earth-by-isamar-rojas.html]
[www.heartavenueassociation.com/'https_/primary.jwwb.nl/public/s/d/n/temp-wkqkzshgrmmennlcbgpe/pasted-image-mon-aug-03-2026-12-20-09-gmt-0500-colombia-standard-time-standard-x5klgm0450.html]
[www.google.com/recaptcha/enterprised027.js]
[www.heartavenueassociation.com/dise-o-publicitario-ciis-heart-avenu-assoc-innova-schools-lemos-3-standard.html]
[www.heartavenueassociation.com/dise-o-publicitario-ciis-heart-avenu-assoc-innova-schools-lemos-2-standard.html]
[www.heartavenueassociation.com/saveclip-app_561762980_17858324553519540_145460339595040667_n-standard.html]
[www.heartavenueassociation.com/saveclip-app_561624154_17858324931519540_6574761293688708675_n-standard.html]
[www.heartavenueassociation.com/saveclip-app_560577158_17858324940519540_7250956078096234054_n-standard.html]
[www.heartavenueassociation.com/saveclip-app_527451722_18013037180779696_2053973393952880769_n-standard.html]
[www.heartavenueassociation.com/saveclip-app_527608393_18013037036779696_7503218414007438987_n-standard.html]
[www.heartavenueassociation.com/saveclip-app_527580022_18013037027779696_3024085607194025172_n-standard.html]
[www.heartavenueassociation.com/saveclip-app_526950882_18013037018779696_1099859348015930999_n-standard.html]
[www.heartavenueassociation.com/saveclip-app_527461151_18013036919779696_7868758075507819281_n-standard.html]
[www.heartavenueassociation.com/saveclip-app_527705017_18013036910779696_7995512206448236146_n-standard.html]
[www.heartavenueassociation.com/saveclip-app_527318117_18013036889779696_7721538157036210967_n-standard.html]
[www.heartavenueassociation.com/saveclip-app_527443152_18013037171779696_3217070594594539135_n-standard.html]
[www.heartavenueassociation.com/saveclip-app_527769483_18013037153779696_5116888455973485198_n-standard.html]
[www.heartavenueassociation.com/'https_/primary.jwwb.nl/public/s/d/n/temp-wkqkzshgrmmennlcbgpe/pasted-image-mon-jun-29-2026-15-07-14-gmt-0500-colombia-standard-time-standard0450.html]
[www.heartavenueassociation.com/about-us/partnerships/partner-with-us/partner-application.html]
[www.heartavenueassociation.com/'https_/primary.jwwb.nl/public/s/d/n/temp-wkqkzshgrmmennlcbgpe/captura-de-pantalla-2026-06-28-075422-standard0450.html]
[primary.jwwb.nl/public/s/d/n/temp-wkqkzshgrmmennlcbgpe/captura-de-pantalla-2026-06-28-083240-high.png]
[primary.jwwb.nl/public/s/d/n/temp-wkqkzshgrmmennlcbgpe/captura-de-pantalla-2026-06-28-083240-standarde3d1.png]
[primary.jwwb.nl/public/s/d/n/temp-wkqkzshgrmmennlcbgpe/captura-de-pantalla-2026-06-28-083240-high3ecf.png]
[www.heartavenueassociation.com/product/23508261/the-pendant-of-the-earth.html]
[www.google.com/recaptcha/enterprise/index.html]
[www.gstatic.com/recaptcha/releases/guXhH0v-XMxlzmbTwqkaT4i5/recaptcha__en.js]
