[www.heartavenueassociation.com/index.html]
[backblue.gif]
[fade.gif]
[index.html]
[www.heartavenueassociation.com/sitemap.xml]
[www.heartavenueassociation.com/www.webador.1.delayed]
[www.heartavenueassociation.com/www.webador.com.2.delayed]
[primary.jwwb.nl/public/s/d/n/temp-wkqkzshgrmmennlcbgpe/touch-icon-iphonec0ca.png]
[primary.jwwb.nl/public/s/d/n/temp-wkqkzshgrmmennlcbgpe/touch-icon-ipadc0ca.png]
[primary.jwwb.nl/public/s/d/n/temp-wkqkzshgrmmennlcbgpe/touch-icon-iphone-retinac0ca.png]
[primary.jwwb.nl/public/s/d/n/temp-wkqkzshgrmmennlcbgpe/touch-icon-ipad-retinac0ca.png]
[primary.jwwb.nl/public/s/d/n/temp-wkqkzshgrmmennlcbgpe/faviconc0ca.png]
[plausible.io/js/script.manual.js]
[assets.jwwb.nl/assets/website-rendering-i18n/en-AU1650.js]
[assets.jwwb.nl/assets/website-rendering/runtime.a2455a67aab510c8778eca74.js]
[assets.jwwb.nl/assets/website-rendering/964.a958855da07340f5fab353e7.js]
[assets.jwwb.nl/assets/website-rendering/main.d5ee86f0f55dc917c1cf0819.js]
[assets.jwwb.nl/assets/website-rendering/main.9f53d3f25b11e60c5364b63d.css]
[primary.jwwb.nl/public/s/d/n/temp-wkqkzshgrmmennlcbgpe/styleec5a.css]
[primary.jwwb.nl/public/s/d/n/temp-wkqkzshgrmmennlcbgpe/image-removebg-preview-3-highe2ef.png]
[www.heartavenueassociation.com/cart.html]
[www.heartavenueassociation.com/the-suite.html]
[www.heartavenueassociation.com/volunteer.html]
[www.heartavenueassociation.com/volunteer/remote-volunteer.html]
[www.heartavenueassociation.com/volunteer/volunteer-in-peru.html]
[www.heartavenueassociation.com/about-us-our-work/donate.html]
[www.heartavenueassociation.com/blog-journalism.html]
[www.heartavenueassociation.com/society-and-current-affairs.html]
[www.heartavenueassociation.com/arts-humanities-departament.html]
[www.heartavenueassociation.com/essays-departament-of-sociology.html]
[www.heartavenueassociation.com/department-of-science-and-innovation.html]
[www.heartavenueassociation.com/department-of-pedagogy-and-education.html]
[www.heartavenueassociation.com/blog-journalism/latest-news-programs.html]
[www.heartavenueassociation.com/about-us-our-work.html]
[www.heartavenueassociation.com/about-us-our-work/work-reports.html]
[www.heartavenueassociation.com/about-us-our-work/our-history-team.html]
[www.heartavenueassociation.com/about-us-our-work/partnerships.html]
[www.heartavenueassociation.com/digital-library.html]
[www.heartavenueassociation.com/digital-library/storybooks.html]
[www.heartavenueassociation.com/digital-library/academic-library.html]
[www.heartavenueassociation.com/wishlist.html]
[www.heartavenueassociation.com/'https_/primary.jwwb.nl/public/s/d/n/temp-wkqkzshgrmmennlcbgpe/image-standard-0vijwh.260450.delayed]
[www.heartavenueassociation.com/'https_/primary.jwwb.nl/public/s/d/n/temp-wkqkzshgrmmennlcbgpe/pasted-image-sun-jun-28-2026-03-50-02-gmt-0500-colombia-standard-time-standard-m0j1eh.270450.delayed]
[www.heartavenueassociation.com/'https_/primary.jwwb.nl/public/s/d/n/temp-wkqkzshgrmmennlcbgpe/pasted-image-sun-jun-28-2026-03-57-25-gmt-0500-colombia-standard-time-standard-xuijte.280450.delayed]
[primary.jwwb.nl/public/s/d/n/temp-wkqkzshgrmmennlcbgpe/grace-ground-came-together-to-make-a-difference-for-the-children-at-johannesburg-children-s-home-high.jpg]
[www.heartavenueassociation.com/grace-ground-came-together-to-make-a-difference-for-the-children-at-johannesburg-children-s-home-standard.2b.delayed]
[primary.jwwb.nl/public/s/d/n/temp-wkqkzshgrmmennlcbgpe/grace-ground-came-together-to-make-a-difference-for-the-children-at-johannesburg-children-s-home-high1e22.jpg]
[primary.jwwb.nl/public/s/d/n/temp-wkqkzshgrmmennlcbgpe/our-team-interacting-with-the-children-at-american-mission-hospital-1-high.jpg]
[www.heartavenueassociation.com/our-team-interacting-with-the-children-at-american-mission-hospital-1-standard.2e.delayed]
[primary.jwwb.nl/public/s/d/n/temp-wkqkzshgrmmennlcbgpe/our-team-interacting-with-the-children-at-american-mission-hospital-1-high1e22.jpg]
[primary.jwwb.nl/public/s/d/n/temp-wkqkzshgrmmennlcbgpe/our-team-interacting-with-the-children-at-american-mission-hospital-high.jpg]
[www.heartavenueassociation.com/our-team-interacting-with-the-children-at-american-mission-hospital-standard.31.delayed]
[primary.jwwb.nl/public/s/d/n/temp-wkqkzshgrmmennlcbgpe/our-team-interacting-with-the-children-at-american-mission-hospital-high1e22.jpg]
[primary.jwwb.nl/public/s/d/n/temp-wkqkzshgrmmennlcbgpe/573327945_17856830895545722_5307178971688650558_n-high.jpg]
[www.heartavenueassociation.com/573327945_17856830895545722_5307178971688650558_n-standard.34.delayed]
[primary.jwwb.nl/public/s/d/n/temp-wkqkzshgrmmennlcbgpe/573327945_17856830895545722_5307178971688650558_n-high1e22.jpg]
[primary.jwwb.nl/public/s/d/n/temp-wkqkzshgrmmennlcbgpe/edelweiss-doc-1-high.png]
[www.heartavenueassociation.com/edelweiss-doc-1-standard.37.delayed]
[primary.jwwb.nl/public/s/d/n/temp-wkqkzshgrmmennlcbgpe/edelweiss-doc-1-high1e22.png]
[primary.jwwb.nl/public/s/d/n/temp-wkqkzshgrmmennlcbgpe/edelweiss-doc-high.png]
[www.heartavenueassociation.com/edelweiss-doc-standard.3a.delayed]
[primary.jwwb.nl/public/s/d/n/temp-wkqkzshgrmmennlcbgpe/edelweiss-doc-high1e22.png]
[primary.jwwb.nl/public/s/d/n/temp-wkqkzshgrmmennlcbgpe/image-high0a58.png]
[primary.jwwb.nl/public/s/d/n/temp-wkqkzshgrmmennlcbgpe/pasted-image-sun-jun-28-2026-03-31-32-gmt-0500-colombia-standard-time-standard.png]
[www.heartavenueassociation.com/index.html]
[www.heartavenueassociation.com/www.webador.html]
[www.heartavenueassociation.com/www.webador.com.html]
[assets.jwwb.nl/assets/website-rendering/module-files/flag-icons/flags/4x3/at71fb.svg]
[assets.jwwb.nl/assets/website-rendering/module-files/flag-icons/flags/4x3/audb22.svg]
[assets.jwwb.nl/assets/website-rendering/module-files/flag-icons/flags/4x3/bec53f.svg]
[assets.jwwb.nl/assets/website-rendering/module-files/flag-icons/flags/4x3/ca0bc2.svg]
[assets.jwwb.nl/assets/website-rendering/module-files/flag-icons/flags/4x3/ch7909.svg]
[assets.jwwb.nl/assets/website-rendering/module-files/flag-icons/flags/4x3/de89d6.svg]
[assets.jwwb.nl/assets/website-rendering/module-files/flag-icons/flags/4x3/dkd0f4.svg]
[assets.jwwb.nl/assets/website-rendering/module-files/flag-icons/flags/4x3/es0c23.svg]
[assets.jwwb.nl/assets/website-rendering/module-files/flag-icons/flags/4x3/fif272.svg]
[assets.jwwb.nl/assets/website-rendering/module-files/flag-icons/flags/4x3/frc2e4.svg]
[assets.jwwb.nl/assets/website-rendering/module-files/flag-icons/flags/4x3/gbee25.svg]
[assets.jwwb.nl/assets/website-rendering/module-files/flag-icons/flags/4x3/ieb191.svg]
[assets.jwwb.nl/assets/website-rendering/module-files/flag-icons/flags/4x3/itc7ba.svg]
[assets.jwwb.nl/assets/website-rendering/module-files/flag-icons/flags/4x3/mx61b5.svg]
[assets.jwwb.nl/assets/website-rendering/module-files/flag-icons/flags/4x3/nl828e.svg]
[assets.jwwb.nl/assets/website-rendering/module-files/flag-icons/flags/4x3/noc647.svg]
[assets.jwwb.nl/assets/website-rendering/module-files/flag-icons/flags/4x3/nzcdee.svg]
[assets.jwwb.nl/assets/website-rendering/module-files/flag-icons/flags/4x3/pl0b42.svg]
[assets.jwwb.nl/assets/website-rendering/module-files/flag-icons/flags/4x3/pt70f4.svg]
[assets.jwwb.nl/assets/website-rendering/module-files/flag-icons/flags/4x3/sef112.svg]
[assets.jwwb.nl/assets/website-rendering/module-files/flag-icons/flags/4x3/usa5fe.svg]
[assets.jwwb.nl/assets/website-rendering/module-files/flag-icons/flags/4x3/xxfd64.svg]
[assets.jwwb.nl/assets/website-rendering/img/content-emptya80e.png]
[maps.gstatic.com/mapfiles/api-3/images/powered-by-google-on-white2.png]
[assets.jwwb.nl/assets/website-rendering/main.9f53d3f25b11e60c5364b63d.css]
[primary.jwwb.nl/public/s/d/n/temp-wkqkzshgrmmennlcbgpe/styleec5a.css]
[www.heartavenueassociation.com/cart.html]
[www.heartavenueassociation.com/the-suite.html]
[www.heartavenueassociation.com/'https_/primary.jwwb.nl/public/s/d/n/temp-wkqkzshgrmmennlcbgpe/pasted-image-sun-jun-28-2026-01-43-32-gmt-0500-colombia-standard-time-standard-coi3op.580450.delayed]
[www.heartavenueassociation.com/volunteer.html]
[www.heartavenueassociation.com/'https_/i.vimeocdn.com/video/2174361728-809cd54ecff3c001d12b4aea27d3ba5c073ae6753b4261a9d935aa4248cb8f85-d_1920x1080.5a4c74.delayed]
[www.heartavenueassociation.com/volunteer/remote-volunteer.html]
[www.heartavenueassociation.com/'https_/i.vimeocdn.com/video/2174364843-8e362de78d60f975728f168526af84e5eb5d20ae80965bdbc7a3854376018067-d_1920x1080.5c4c74.delayed]
[primary.jwwb.nl/public/s/d/n/temp-wkqkzshgrmmennlcbgpe/convocatoria-high8490.png]
[primary.jwwb.nl/public/s/d/n/temp-wkqkzshgrmmennlcbgpe/edelweiss-doc-1-high-908h06730e.png]
[www.heartavenueassociation.com/volunteer/volunteer-in-peru.html]
[www.heartavenueassociation.com/'https_/i.vimeocdn.com/video/2174252138-a0ff562d344a8497102f9a78b04627dd9cf664c538bbfa21158bbef6427eb0fd-d_1920x1080.604c74.delayed]
[primary.jwwb.nl/public/s/d/n/temp-wkqkzshgrmmennlcbgpe/pasted-image-tue-jun-30-2026-00-41-40-gmt-0500-colombia-standard-time-high1c33.png]
[primary.jwwb.nl/public/s/d/n/temp-wkqkzshgrmmennlcbgpe/pasted-image-tue-jun-30-2026-02-13-02-gmt-0500-colombia-standard-time-standard.png]
[www.heartavenueassociation.com/about-us-our-work/donate.html]
[www.heartavenueassociation.com/'https_/primary.jwwb.nl/public/s/d/n/temp-wkqkzshgrmmennlcbgpe/pasted-image-sun-jun-28-2026-01-59-22-gmt-0500-colombia-standard-time-standard.640450.delayed]
[www.heartavenueassociation.com/blog-journalism/3246510_son-la-luz-y-el-brillo-lo-mas-cercano-a-la-divinidad.html]
[www.heartavenueassociation.com/blog-journalism/3246490_el-centro-compartido-frente-a-la-verticalidad-y-el-retorno-a-la-tribu.html]
[www.heartavenueassociation.com/blog-journalism/3246482_como-influyen-los-colores-de-nuestras-ciudades-en-el-diseno-grafico-actual.html]
[www.heartavenueassociation.com/blog-journalism.html]
[primary.jwwb.nl/public/s/d/n/temp-wkqkzshgrmmennlcbgpe/pasted-image-sat-jun-27-2026-23-35-35-gmt-0500-colombia-standard-time-standard.png]
[www.heartavenueassociation.com/blog-journalism/3246520_la-dictadura-del-me-gusta-el-desuso-del-criterio-propio-en-las-camaras-de-eco.html]
[www.heartavenueassociation.com/society-and-current-affairs.html]
[primary.jwwb.nl/public/s/d/n/temp-wkqkzshgrmmennlcbgpe/d8f04d4f333a030ac8fbc63e692a78a6-standard.jpg]
[www.heartavenueassociation.com/blog-journalism/3246288_el-movimiento-4b-coreano-una-utopia-en-latinoamerica-o-una-posibilidad-contra-el-sistema.html]
[primary.jwwb.nl/public/s/d/n/temp-wkqkzshgrmmennlcbgpe/pasted-image-sat-jun-27-2026-22-59-07-gmt-0500-colombia-standard-time-standard.png]
[www.heartavenueassociation.com/blog-journalism/3246507_colgar-el-dolor-al-sol-el-arte-sanador-de-monica-mayer.html]
[primary.jwwb.nl/public/s/d/n/temp-wkqkzshgrmmennlcbgpe/pasted-image-sat-jun-27-2026-22-09-28-gmt-0500-colombia-standard-time-standard.png]
[www.heartavenueassociation.com/blog-journalism/3246496_el-arte-como-medicina-en-ayacucho-puede-un-pincel-sanar-lo-que-las-palabras-callan.html]
[primary.jwwb.nl/public/s/d/n/temp-wkqkzshgrmmennlcbgpe/pasted-image-sat-jun-27-2026-21-33-17-gmt-0500-colombia-standard-time-standard.png]
[www.heartavenueassociation.com/blog-journalism/3246487_los-gatos-y-egipto-introduccion-a-su-historia.html]
[primary.jwwb.nl/public/s/d/n/temp-wkqkzshgrmmennlcbgpe/pexels-kimsanxw-46102905-18031391-standard.jpg]
[primary.jwwb.nl/public/s/d/n/temp-wkqkzshgrmmennlcbgpe/duplicate-1-standard-j5kbfn.png]
[www.heartavenueassociation.com/blog-journalism/3246475_el-arte-que-sana-dairo-vargas-y-la-salud-mental-en-la-infancia-y-juventud.html]
[www.heartavenueassociation.com/arts-humanities-departament.html]
[primary.jwwb.nl/public/s/d/n/temp-wkqkzshgrmmennlcbgpe/pasted-image-sat-jun-27-2026-20-10-24-gmt-0500-colombia-standard-time-standard.png]
[www.heartavenueassociation.com/blog-journalism/3246462_museos-sin-paredes-la-sabiduria-infinita-de-nuestras-abuelas.html]
[primary.jwwb.nl/public/s/d/n/temp-wkqkzshgrmmennlcbgpe/pasted-image-sat-jun-27-2026-23-06-17-gmt-0500-colombia-standard-time-standard.png]
[primary.jwwb.nl/public/s/d/n/temp-wkqkzshgrmmennlcbgpe/pasted-image-sat-jun-27-2026-21-44-16-gmt-0500-colombia-standard-time-standard.png]
[www.heartavenueassociation.com/essays-departament-of-sociology.html]
[primary.jwwb.nl/public/s/d/n/temp-wkqkzshgrmmennlcbgpe/pasted-image-sat-jun-27-2026-21-57-05-gmt-0500-colombia-standard-time-standard.png]
[www.heartavenueassociation.com/blog-journalism/3246495_la-metafisica-del-brillo-por-que-los-mortales-amamos-el-oro.html]
[primary.jwwb.nl/public/s/d/n/temp-wkqkzshgrmmennlcbgpe/pasted-image-sat-jun-27-2026-22-17-21-gmt-0500-colombia-standard-time-standard.png]
[www.heartavenueassociation.com/blog-journalism/3246501_de-latinoamerica-a-la-nasa-mujeres-stem-que-rompieron-las-reglas-y-hacen-historia.html]
[www.heartavenueassociation.com/department-of-science-and-innovation.html]
[primary.jwwb.nl/public/s/d/n/temp-wkqkzshgrmmennlcbgpe/20240105-christina-koch-standard.jpg]
[www.heartavenueassociation.com/blog-journalism/3246448_yo-tampoco-creia-en-mi-christina-koch-la-primera-mujer-que-viajo-a-la-luna.html]
[primary.jwwb.nl/public/s/d/n/temp-wkqkzshgrmmennlcbgpe/pasted-image-sat-jun-27-2026-19-56-46-gmt-0500-colombia-standard-time-standard.png]
[www.heartavenueassociation.com/department-of-pedagogy-and-education.html]
[www.heartavenueassociation.com/blog-journalism/3246449_por-que-el-arte-ayuda-a-los-ninos-a-expresarse-lo-que-no-pueden-comunicar.html]
[www.heartavenueassociation.com/'https_/primary.jwwb.nl/public/s/d/n/temp-wkqkzshgrmmennlcbgpe/pasted-image-tue-jun-30-2026-09-58-57-gmt-0500-colombia-standard-time-standard.8b0450.delayed]
[primary.jwwb.nl/public/s/d/n/temp-wkqkzshgrmmennlcbgpe/dise-o-publicitario-ciis-heart-avenu-assoc-innova-schools-lemos-3-standard.jpg]
[www.heartavenueassociation.com/blog-journalism/latest-news-programs.html]
[www.heartavenueassociation.com/'https_/primary.jwwb.nl/public/s/d/n/temp-wkqkzshgrmmennlcbgpe/image-standard.8f0450.delayed]
[www.heartavenueassociation.com/blog-journalism/latest-news-programs/3250351_empowering-the-next-generation-of-scientists-heart-avenue-association-launches-the-health-innovation-research-club-ciis-]
[www.heartavenueassociation.com/'https_/primary.jwwb.nl/public/s/d/n/temp-wkqkzshgrmmennlcbgpe/image-standard-ees1qr.900450.delayed]
[primary.jwwb.nl/public/s/d/n/temp-wkqkzshgrmmennlcbgpe/pasted-image-sun-jun-28-2026-00-57-31-gmt-0500-colombia-standard-time-standard.png]
[www.heartavenueassociation.com/about-us-our-work.html]
[iframely.net/embed.js]
[www.heartavenueassociation.com/'https_/primary.jwwb.nl/public/s/d/n/temp-wkqkzshgrmmennlcbgpe/pasted-image-sun-jun-28-2026-23-43-01-gmt-0500-colombia-standard-time-standard-v3ph1y.960450.delayed]
[primary.jwwb.nl/public/s/d/n/temp-wkqkzshgrmmennlcbgpe/saveclip-app_561762980_17858324553519540_145460339595040667_n-standard.jpg]
[www.heartavenueassociation.com/about-us-our-work/work-reports/3246579_community-drive-brings-essential-care-and-comfort-to-vulnerable-youth-in-johannesburg.html]
[primary.jwwb.nl/public/s/d/n/temp-wkqkzshgrmmennlcbgpe/saveclip-app_527451722_18013037180779696_2053973393952880769_n-standard.jpg]
[www.heartavenueassociation.com/about-us-our-work/work-reports/3246566_artistic-expression-fosters-well-being-for-neurodivergent-children-at-king-hamad-american-mission-hospital.html]
[www.heartavenueassociation.com/about-us-our-work/work-reports.html]
[primary.jwwb.nl/public/s/d/n/temp-wkqkzshgrmmennlcbgpe/pasted-image-sun-jun-28-2026-23-39-33-gmt-0500-colombia-standard-time-standard.png]
[www.heartavenueassociation.com/about-us-our-work/work-reports/3247932_strongher-strategic-advocacy-forum.html]
[www.heartavenueassociation.com/'https_/primary.jwwb.nl/public/s/d/n/temp-wkqkzshgrmmennlcbgpe/dise-o-sin-t-tulo-54-standard-zfpqid.9e0450.delayed]
[primary.jwwb.nl/public/s/d/n/temp-wkqkzshgrmmennlcbgpe/img_20260517_164131-high-ctle0y7973.jpg]
[primary.jwwb.nl/public/s/d/n/temp-wkqkzshgrmmennlcbgpe/pasted-image-mon-jun-29-2026-04-42-48-gmt-0500-colombia-standard-time-high1e22.png]
[primary.jwwb.nl/public/s/d/n/temp-wkqkzshgrmmennlcbgpe/pasted-image-mon-jun-29-2026-04-46-45-gmt-0500-colombia-standard-time-high1e22.png]
[primary.jwwb.nl/public/s/d/n/temp-wkqkzshgrmmennlcbgpe/pasted-image-mon-jun-29-2026-04-50-11-gmt-0500-colombia-standard-time-high1e22.png]
[www.heartavenueassociation.com/about-us-our-work/our-history-team.html]
[www.heartavenueassociation.com/'https_/i.vimeocdn.com/video/2174186207-211133ffc372ccb8e9780d1dca1a2ee3e6a2e95963f051c60c2025f47df9305e-d_1920x1080.a44c74.delayed]
[primary.jwwb.nl/public/s/d/n/temp-wkqkzshgrmmennlcbgpe/pasted-image-mon-jun-29-2026-14-57-07-gmt-0500-colombia-standard-time-standard.png]
[www.heartavenueassociation.com/about-us-our-work/partnerships/partner-with-us.html]
[primary.jwwb.nl/public/s/d/n/temp-wkqkzshgrmmennlcbgpe/pasted-image-mon-jun-29-2026-14-58-16-gmt-0500-colombia-standard-time-high967d.png]
[primary.jwwb.nl/public/s/d/n/temp-wkqkzshgrmmennlcbgpe/download-17-standard.jpg]
[primary.jwwb.nl/public/s/d/n/temp-wkqkzshgrmmennlcbgpe/pasted-image-mon-jun-29-2026-14-52-47-gmt-0500-colombia-standard-time-standard.png]
[primary.jwwb.nl/public/s/d/n/temp-wkqkzshgrmmennlcbgpe/brochure-en-espa-ol-heart-avenue-2026-high1e22.png]
[primary.jwwb.nl/public/s/d/n/temp-wkqkzshgrmmennlcbgpe/brochure-en-espa-ol-heart-avenue-2026-1-high1e22.png]
[primary.jwwb.nl/public/s/d/n/temp-wkqkzshgrmmennlcbgpe/pasted-image-mon-jun-29-2026-15-35-17-gmt-0500-colombia-standard-time-high1e22.png]
[primary.jwwb.nl/public/s/d/n/temp-wkqkzshgrmmennlcbgpe/pasted-image-mon-jun-29-2026-15-29-24-gmt-0500-colombia-standard-time-high1e22.png]
[primary.jwwb.nl/public/s/d/n/temp-wkqkzshgrmmennlcbgpe/pasted-image-tue-jun-30-2026-02-20-06-gmt-0500-colombia-standard-time-high1e22.png]
[www.heartavenueassociation.com/hullabless.html]
[primary.jwwb.nl/public/s/d/n/temp-wkqkzshgrmmennlcbgpe/image-high-6fkemc1e22.png]
[primary.jwwb.nl/public/s/d/n/temp-wkqkzshgrmmennlcbgpe/pasted-image-sun-jul-05-2026-12-36-24-gmt-0500-colombia-standard-time-high1e22.png]
[primary.jwwb.nl/public/s/d/n/temp-wkqkzshgrmmennlcbgpe/pasted-image-tue-jun-30-2026-00-25-50-gmt-0500-colombia-standard-time-high1e22.png]
[primary.jwwb.nl/public/s/d/n/temp-wkqkzshgrmmennlcbgpe/pasted-image-fri-jul-03-2026-10-14-32-gmt-0500-colombia-standard-time-high1e22.png]
[www.heartavenueassociation.com/about-us-our-work/partnerships.html]
[www.heartavenueassociation.com/'https_/primary.jwwb.nl/public/s/d/n/temp-wkqkzshgrmmennlcbgpe/pasted-image-sun-jun-28-2026-05-34-49-gmt-0500-colombia-standard-time-standard.b60450.delayed]
[www.heartavenueassociation.com/digital-library.html]
[www.heartavenueassociation.com/'https_/primary.jwwb.nl/public/s/d/n/temp-wkqkzshgrmmennlcbgpe/pasted-image-fri-jul-03-2026-10-46-09-gmt-0500-colombia-standard-time-standard.b80450.delayed]
[primary.jwwb.nl/public/s/d/n/temp-wkqkzshgrmmennlcbgpe/cover-high0da8.jpg]
[primary.jwwb.nl/public/s/d/n/temp-wkqkzshgrmmennlcbgpe/pasted-image-sun-jun-28-2026-08-10-35-gmt-0500-colombia-standard-time-highe25d.png]
[www.heartavenueassociation.com/digital-library/storybooks/the-pendant-of-the-earth-by-isamar-rojas.html]
[primary.jwwb.nl/public/s/d/n/temp-wkqkzshgrmmennlcbgpe/pasted-image-sun-jun-28-2026-08-14-48-gmt-0500-colombia-standard-time-highcf47.png]
[primary.jwwb.nl/public/s/d/n/temp-wkqkzshgrmmennlcbgpe/pasted-image-sun-jun-28-2026-08-23-22-gmt-0500-colombia-standard-time-standard.png]
[primary.jwwb.nl/public/s/d/n/temp-wkqkzshgrmmennlcbgpe/captura-de-pantalla-2026-06-28-071935-highc88b.png]
[www.heartavenueassociation.com/product/23507671/english-textbook-curso-de-ingles-basico-spanish-to-english.html]
[www.heartavenueassociation.com/product/23508221/clara-the-capybara-in-trujillo-dual-language-english-spanish.html]
[primary.jwwb.nl/public/s/d/n/temp-wkqkzshgrmmennlcbgpe/captura-de-pantalla-2026-06-28-082745-highc88b.png]
[primary.jwwb.nl/public/s/d/n/temp-wkqkzshgrmmennlcbgpe/captura-de-pantalla-2026-06-28-083240-highc88b.png]
[www.heartavenueassociation.com/product/23508261/the-pendant-of-the-earth.html]
[www.heartavenueassociation.com/product/23644932/coleccion-frobly-mobly-edicion-espanol.html]
[primary.jwwb.nl/public/s/d/n/temp-wkqkzshgrmmennlcbgpe/cover-high-gsdq1vc88b.jpg]
[www.heartavenueassociation.com/digital-library/storybooks.html]
[www.heartavenueassociation.com/digital-library/academic-library.html]
[www.heartavenueassociation.com/wishlist.html]
[www.heartavenueassociation.com/'https_/primary.jwwb.nl/public/s/d/n/temp-wkqkzshgrmmennlcbgpe/image-standard-0vijwh0450.html]
[www.heartavenueassociation.com/'https_/primary.jwwb.nl/public/s/d/n/temp-wkqkzshgrmmennlcbgpe/pasted-image-sun-jun-28-2026-03-50-02-gmt-0500-colombia-standard-time-standard-m0j1eh0450.html]
[www.heartavenueassociation.com/'https_/primary.jwwb.nl/public/s/d/n/temp-wkqkzshgrmmennlcbgpe/pasted-image-sun-jun-28-2026-03-57-25-gmt-0500-colombia-standard-time-standard-xuijte0450.html]
[www.heartavenueassociation.com/grace-ground-came-together-to-make-a-difference-for-the-children-at-johannesburg-children-s-home-standard.html]
[www.heartavenueassociation.com/our-team-interacting-with-the-children-at-american-mission-hospital-1-standard.html]
[www.heartavenueassociation.com/our-team-interacting-with-the-children-at-american-mission-hospital-standard.html]
[www.heartavenueassociation.com/573327945_17856830895545722_5307178971688650558_n-standard.html]
[www.heartavenueassociation.com/edelweiss-doc-1-standard.html]
[www.heartavenueassociation.com/edelweiss-doc-standard.html]
[assets.jwwb.nl/assets/website-rendering/module-files/flag-icons/flags/4x3/at71fb.svg]
[assets.jwwb.nl/assets/website-rendering/module-files/flag-icons/flags/4x3/audb22.svg]
[assets.jwwb.nl/assets/website-rendering/module-files/flag-icons/flags/4x3/bec53f.svg]
[assets.jwwb.nl/assets/website-rendering/module-files/flag-icons/flags/4x3/ca0bc2.svg]
[assets.jwwb.nl/assets/website-rendering/module-files/flag-icons/flags/4x3/ch7909.svg]
[assets.jwwb.nl/assets/website-rendering/module-files/flag-icons/flags/4x3/de89d6.svg]
[assets.jwwb.nl/assets/website-rendering/module-files/flag-icons/flags/4x3/dkd0f4.svg]
[assets.jwwb.nl/assets/website-rendering/module-files/flag-icons/flags/4x3/es0c23.svg]
[assets.jwwb.nl/assets/website-rendering/module-files/flag-icons/flags/4x3/fif272.svg]
[assets.jwwb.nl/assets/website-rendering/module-files/flag-icons/flags/4x3/frc2e4.svg]
[assets.jwwb.nl/assets/website-rendering/module-files/flag-icons/flags/4x3/gbee25.svg]
[assets.jwwb.nl/assets/website-rendering/module-files/flag-icons/flags/4x3/ieb191.svg]
[assets.jwwb.nl/assets/website-rendering/module-files/flag-icons/flags/4x3/itc7ba.svg]
[assets.jwwb.nl/assets/website-rendering/module-files/flag-icons/flags/4x3/mx61b5.svg]
[assets.jwwb.nl/assets/website-rendering/module-files/flag-icons/flags/4x3/nl828e.svg]
[assets.jwwb.nl/assets/website-rendering/module-files/flag-icons/flags/4x3/noc647.svg]
[assets.jwwb.nl/assets/website-rendering/module-files/flag-icons/flags/4x3/nzcdee.svg]
[assets.jwwb.nl/assets/website-rendering/module-files/flag-icons/flags/4x3/pl0b42.svg]
[assets.jwwb.nl/assets/website-rendering/module-files/flag-icons/flags/4x3/pt70f4.svg]
[assets.jwwb.nl/assets/website-rendering/module-files/flag-icons/flags/4x3/sef112.svg]
[assets.jwwb.nl/assets/website-rendering/module-files/flag-icons/flags/4x3/usa5fe.svg]
[assets.jwwb.nl/assets/website-rendering/module-files/flag-icons/flags/4x3/xxfd64.svg]
[www.heartavenueassociation.com/'https_/primary.jwwb.nl/public/s/d/n/temp-wkqkzshgrmmennlcbgpe/pasted-image-sun-jun-28-2026-01-43-32-gmt-0500-colombia-standard-time-standard-coi3op0450.html]
[www.heartavenueassociation.com/'https_/i.vimeocdn.com/video/2174361728-809cd54ecff3c001d12b4aea27d3ba5c073ae6753b4261a9d935aa4248cb8f85-d_1920x10804c74.html]
[www.heartavenueassociation.com/'https_/i.vimeocdn.com/video/2174364843-8e362de78d60f975728f168526af84e5eb5d20ae80965bdbc7a3854376018067-d_1920x10804c74.html]
[www.heartavenueassociation.com/'https_/i.vimeocdn.com/video/2174252138-a0ff562d344a8497102f9a78b04627dd9cf664c538bbfa21158bbef6427eb0fd-d_1920x10804c74.html]
[www.heartavenueassociation.com/'https_/primary.jwwb.nl/public/s/d/n/temp-wkqkzshgrmmennlcbgpe/pasted-image-sun-jun-28-2026-01-59-22-gmt-0500-colombia-standard-time-standard0450.html]
[www.heartavenueassociation.com/blog-journalism/3246510_son-la-luz-y-el-brillo-lo-mas-cercano-a-la-divinidad.html]
[primary.jwwb.nl/public/s/d/n/temp-wkqkzshgrmmennlcbgpe/pasted-image-sat-jun-27-2026-23-06-17-gmt-0500-colombia-standard-time-highc37a.png]
[www.heartavenueassociation.com/blog-journalism/3246490_el-centro-compartido-frente-a-la-verticalidad-y-el-retorno-a-la-tribu.html]
[primary.jwwb.nl/public/s/d/n/temp-wkqkzshgrmmennlcbgpe/pasted-image-sat-jun-27-2026-21-44-16-gmt-0500-colombia-standard-time-high44ad.png]
[www.heartavenueassociation.com/blog-journalism/3246482_como-influyen-los-colores-de-nuestras-ciudades-en-el-diseno-grafico-actual.html]
[primary.jwwb.nl/public/s/d/n/temp-wkqkzshgrmmennlcbgpe/pexels-kimsanxw-46102905-18031391-high240c.jpg]
[primary.jwwb.nl/public/s/d/n/temp-wkqkzshgrmmennlcbgpe/pasted-image-sat-jun-27-2026-23-35-35-gmt-0500-colombia-standard-time-high035a.png]
[www.heartavenueassociation.com/blog-journalism/3246520_la-dictadura-del-me-gusta-el-desuso-del-criterio-propio-en-las-camaras-de-eco.html]
[www.google.com/recaptcha/enterprised027.js]
[www.heartavenueassociation.com/blog-journalism/3246288_el-movimiento-4b-coreano-una-utopia-en-latinoamerica-o-una-posibilidad-contra-el-sistema.html]
[www.heartavenueassociation.com/blog-journalism/3246507_colgar-el-dolor-al-sol-el-arte-sanador-de-monica-mayer.html]
[primary.jwwb.nl/public/s/d/n/temp-wkqkzshgrmmennlcbgpe/d8f04d4f333a030ac8fbc63e692a78a6-higha0b2.jpg]
[www.heartavenueassociation.com/blog-journalism/3246496_el-arte-como-medicina-en-ayacucho-puede-un-pincel-sanar-lo-que-las-palabras-callan.html]
[primary.jwwb.nl/public/s/d/n/temp-wkqkzshgrmmennlcbgpe/pasted-image-sat-jun-27-2026-22-09-28-gmt-0500-colombia-standard-time-high64a6.png]
[www.heartavenueassociation.com/blog-journalism/3246487_los-gatos-y-egipto-introduccion-a-su-historia.html]
[primary.jwwb.nl/public/s/d/n/temp-wkqkzshgrmmennlcbgpe/pasted-image-sat-jun-27-2026-21-33-17-gmt-0500-colombia-standard-time-highd52e.png]
[www.heartavenueassociation.com/blog-journalism/3246475_el-arte-que-sana-dairo-vargas-y-la-salud-mental-en-la-infancia-y-juventud.html]
[primary.jwwb.nl/public/s/d/n/temp-wkqkzshgrmmennlcbgpe/duplicate-1-high-ru93hke874.png]
[www.heartavenueassociation.com/blog-journalism/3246462_museos-sin-paredes-la-sabiduria-infinita-de-nuestras-abuelas.html]
[primary.jwwb.nl/public/s/d/n/temp-wkqkzshgrmmennlcbgpe/pasted-image-sat-jun-27-2026-20-10-24-gmt-0500-colombia-standard-time-higha094.png]
[www.heartavenueassociation.com/blog-journalism/3246495_la-metafisica-del-brillo-por-que-los-mortales-amamos-el-oro.html]
[primary.jwwb.nl/public/s/d/n/temp-wkqkzshgrmmennlcbgpe/pasted-image-sat-jun-27-2026-21-57-05-gmt-0500-colombia-standard-time-highfa7b.png]
[primary.jwwb.nl/public/s/d/n/temp-wkqkzshgrmmennlcbgpe/pasted-image-sat-jun-27-2026-22-18-39-gmt-0500-colombia-standard-time-high3f3d.png]
[primary.jwwb.nl/public/s/d/n/temp-wkqkzshgrmmennlcbgpe/pasted-image-sat-jun-27-2026-22-20-51-gmt-0500-colombia-standard-time-high8ab4.png]
[primary.jwwb.nl/public/s/d/n/temp-wkqkzshgrmmennlcbgpe/pasted-image-sat-jun-27-2026-22-22-26-gmt-0500-colombia-standard-time-high59cc.png]
[primary.jwwb.nl/public/s/d/n/temp-wkqkzshgrmmennlcbgpe/pasted-image-sat-jun-27-2026-22-24-39-gmt-0500-colombia-standard-time-higha1f7.png]
[www.heartavenueassociation.com/blog-journalism/3246501_de-latinoamerica-a-la-nasa-mujeres-stem-que-rompieron-las-reglas-y-hacen-historia.html]
[www.heartavenueassociation.com/blog-journalism/3246448_yo-tampoco-creia-en-mi-christina-koch-la-primera-mujer-que-viajo-a-la-luna.html]
[primary.jwwb.nl/public/s/d/n/temp-wkqkzshgrmmennlcbgpe/20240105-christina-koch-high07da.jpg]
[www.heartavenueassociation.com/blog-journalism/3246449_por-que-el-arte-ayuda-a-los-ninos-a-expresarse-lo-que-no-pueden-comunicar.html]
[www.heartavenueassociation.com/'https_/primary.jwwb.nl/public/s/d/n/temp-wkqkzshgrmmennlcbgpe/pasted-image-tue-jun-30-2026-09-58-57-gmt-0500-colombia-standard-time-standard0450.html]
[primary.jwwb.nl/public/s/d/n/temp-wkqkzshgrmmennlcbgpe/pasted-image-sat-jun-27-2026-19-56-46-gmt-0500-colombia-standard-time-highb6bb.png]
[primary.jwwb.nl/public/s/d/n/temp-wkqkzshgrmmennlcbgpe/dise-o-publicitario-ciis-heart-avenu-assoc-innova-schools-lemos-3-highcff9.jpg]
[primary.jwwb.nl/public/s/d/n/temp-wkqkzshgrmmennlcbgpe/dise-o-publicitario-ciis-heart-avenu-assoc-innova-schools-lemos-3-high.jpg]
[primary.jwwb.nl/public/s/d/n/temp-wkqkzshgrmmennlcbgpe/dise-o-publicitario-ciis-heart-avenu-assoc-innova-schools-lemos-3-high5865.jpg]
[www.heartavenueassociation.com/dise-o-publicitario-ciis-heart-avenu-assoc-innova-schools-lemos-3-standard.ea.delayed]
[primary.jwwb.nl/public/s/d/n/temp-wkqkzshgrmmennlcbgpe/dise-o-publicitario-ciis-heart-avenu-assoc-innova-schools-lemos-2-highcff9.jpg]
[primary.jwwb.nl/public/s/d/n/temp-wkqkzshgrmmennlcbgpe/dise-o-publicitario-ciis-heart-avenu-assoc-innova-schools-lemos-2-high.jpg]
[primary.jwwb.nl/public/s/d/n/temp-wkqkzshgrmmennlcbgpe/dise-o-publicitario-ciis-heart-avenu-assoc-innova-schools-lemos-2-high5865.jpg]
[www.heartavenueassociation.com/dise-o-publicitario-ciis-heart-avenu-assoc-innova-schools-lemos-2-standard.ee.delayed]
[www.heartavenueassociation.com/blog-journalism/latest-news-programs/3250351_empowering-the-next-generation-of-scientists-heart-avenue-association-launches-the-health-innovation-research-club-ciis-]
[www.heartavenueassociation.com/'https_/primary.jwwb.nl/public/s/d/n/temp-wkqkzshgrmmennlcbgpe/image-standard0450.html]
[www.heartavenueassociation.com/'https_/primary.jwwb.nl/public/s/d/n/temp-wkqkzshgrmmennlcbgpe/image-standard-ees1qr0450.html]
[www.heartavenueassociation.com/'https_/primary.jwwb.nl/public/s/d/n/temp-wkqkzshgrmmennlcbgpe/pasted-image-sun-jun-28-2026-23-43-01-gmt-0500-colombia-standard-time-standard-v3ph1y0450.html]
[primary.jwwb.nl/public/s/d/n/temp-wkqkzshgrmmennlcbgpe/saveclip-app_561762980_17858324553519540_145460339595040667_n-high539f.jpg]
[primary.jwwb.nl/public/s/d/n/temp-wkqkzshgrmmennlcbgpe/saveclip-app_561762980_17858324553519540_145460339595040667_n-high.jpg]
[primary.jwwb.nl/public/s/d/n/temp-wkqkzshgrmmennlcbgpe/saveclip-app_561762980_17858324553519540_145460339595040667_n-high5865.jpg]
[www.heartavenueassociation.com/saveclip-app_561762980_17858324553519540_145460339595040667_n-standard.f3.delayed]
[primary.jwwb.nl/public/s/d/n/temp-wkqkzshgrmmennlcbgpe/saveclip-app_561624154_17858324931519540_6574761293688708675_n-high539f.jpg]
[primary.jwwb.nl/public/s/d/n/temp-wkqkzshgrmmennlcbgpe/saveclip-app_561624154_17858324931519540_6574761293688708675_n-high.jpg]
[primary.jwwb.nl/public/s/d/n/temp-wkqkzshgrmmennlcbgpe/saveclip-app_561624154_17858324931519540_6574761293688708675_n-high5865.jpg]
[www.heartavenueassociation.com/saveclip-app_561624154_17858324931519540_6574761293688708675_n-standard.f7.delayed]
[primary.jwwb.nl/public/s/d/n/temp-wkqkzshgrmmennlcbgpe/saveclip-app_560577158_17858324940519540_7250956078096234054_n-high539f.jpg]
[primary.jwwb.nl/public/s/d/n/temp-wkqkzshgrmmennlcbgpe/saveclip-app_560577158_17858324940519540_7250956078096234054_n-high.jpg]
[primary.jwwb.nl/public/s/d/n/temp-wkqkzshgrmmennlcbgpe/saveclip-app_560577158_17858324940519540_7250956078096234054_n-high5865.jpg]
[www.heartavenueassociation.com/saveclip-app_560577158_17858324940519540_7250956078096234054_n-standard.fb.delayed]
[www.heartavenueassociation.com/about-us-our-work/work-reports/3246579_community-drive-brings-essential-care-and-comfort-to-vulnerable-youth-in-johannesburg.html]
[primary.jwwb.nl/public/s/d/n/temp-wkqkzshgrmmennlcbgpe/saveclip-app_527451722_18013037180779696_2053973393952880769_n-high539f.jpg]
[primary.jwwb.nl/public/s/d/n/temp-wkqkzshgrmmennlcbgpe/saveclip-app_527451722_18013037180779696_2053973393952880769_n-high.jpg]
[primary.jwwb.nl/public/s/d/n/temp-wkqkzshgrmmennlcbgpe/saveclip-app_527451722_18013037180779696_2053973393952880769_n-high5865.jpg]
[www.heartavenueassociation.com/saveclip-app_527451722_18013037180779696_2053973393952880769_n-standard.100.delayed]
[primary.jwwb.nl/public/s/d/n/temp-wkqkzshgrmmennlcbgpe/saveclip-app_527608393_18013037036779696_7503218414007438987_n-high539f.jpg]
[primary.jwwb.nl/public/s/d/n/temp-wkqkzshgrmmennlcbgpe/saveclip-app_527608393_18013037036779696_7503218414007438987_n-high.jpg]
[primary.jwwb.nl/public/s/d/n/temp-wkqkzshgrmmennlcbgpe/saveclip-app_527608393_18013037036779696_7503218414007438987_n-high164e.jpg]
[www.heartavenueassociation.com/saveclip-app_527608393_18013037036779696_7503218414007438987_n-standard.104.delayed]
[primary.jwwb.nl/public/s/d/n/temp-wkqkzshgrmmennlcbgpe/saveclip-app_527580022_18013037027779696_3024085607194025172_n-high539f.jpg]
[primary.jwwb.nl/public/s/d/n/temp-wkqkzshgrmmennlcbgpe/saveclip-app_527580022_18013037027779696_3024085607194025172_n-high.jpg]
[primary.jwwb.nl/public/s/d/n/temp-wkqkzshgrmmennlcbgpe/saveclip-app_527580022_18013037027779696_3024085607194025172_n-high164e.jpg]
[www.heartavenueassociation.com/saveclip-app_527580022_18013037027779696_3024085607194025172_n-standard.108.delayed]
[primary.jwwb.nl/public/s/d/n/temp-wkqkzshgrmmennlcbgpe/saveclip-app_526950882_18013037018779696_1099859348015930999_n-high539f.jpg]
[primary.jwwb.nl/public/s/d/n/temp-wkqkzshgrmmennlcbgpe/saveclip-app_526950882_18013037018779696_1099859348015930999_n-high.jpg]
[primary.jwwb.nl/public/s/d/n/temp-wkqkzshgrmmennlcbgpe/saveclip-app_526950882_18013037018779696_1099859348015930999_n-high164e.jpg]
[www.heartavenueassociation.com/saveclip-app_526950882_18013037018779696_1099859348015930999_n-standard.10c.delayed]
[primary.jwwb.nl/public/s/d/n/temp-wkqkzshgrmmennlcbgpe/saveclip-app_527461151_18013036919779696_7868758075507819281_n-high539f.jpg]
[primary.jwwb.nl/public/s/d/n/temp-wkqkzshgrmmennlcbgpe/saveclip-app_527461151_18013036919779696_7868758075507819281_n-high.jpg]
[primary.jwwb.nl/public/s/d/n/temp-wkqkzshgrmmennlcbgpe/saveclip-app_527461151_18013036919779696_7868758075507819281_n-high5865.jpg]
[www.heartavenueassociation.com/saveclip-app_527461151_18013036919779696_7868758075507819281_n-standard.110.delayed]
[primary.jwwb.nl/public/s/d/n/temp-wkqkzshgrmmennlcbgpe/saveclip-app_527705017_18013036910779696_7995512206448236146_n-high539f.jpg]
[primary.jwwb.nl/public/s/d/n/temp-wkqkzshgrmmennlcbgpe/saveclip-app_527705017_18013036910779696_7995512206448236146_n-high.jpg]
[primary.jwwb.nl/public/s/d/n/temp-wkqkzshgrmmennlcbgpe/saveclip-app_527705017_18013036910779696_7995512206448236146_n-high5865.jpg]
[www.heartavenueassociation.com/saveclip-app_527705017_18013036910779696_7995512206448236146_n-standard.114.delayed]
[primary.jwwb.nl/public/s/d/n/temp-wkqkzshgrmmennlcbgpe/saveclip-app_527318117_18013036889779696_7721538157036210967_n-high539f.jpg]
[primary.jwwb.nl/public/s/d/n/temp-wkqkzshgrmmennlcbgpe/saveclip-app_527318117_18013036889779696_7721538157036210967_n-high.jpg]
[primary.jwwb.nl/public/s/d/n/temp-wkqkzshgrmmennlcbgpe/saveclip-app_527318117_18013036889779696_7721538157036210967_n-high5865.jpg]
[www.heartavenueassociation.com/saveclip-app_527318117_18013036889779696_7721538157036210967_n-standard.118.delayed]
[primary.jwwb.nl/public/s/d/n/temp-wkqkzshgrmmennlcbgpe/saveclip-app_527443152_18013037171779696_3217070594594539135_n-high539f.jpg]
[primary.jwwb.nl/public/s/d/n/temp-wkqkzshgrmmennlcbgpe/saveclip-app_527443152_18013037171779696_3217070594594539135_n-high.jpg]
[primary.jwwb.nl/public/s/d/n/temp-wkqkzshgrmmennlcbgpe/saveclip-app_527443152_18013037171779696_3217070594594539135_n-high5865.jpg]
[www.heartavenueassociation.com/saveclip-app_527443152_18013037171779696_3217070594594539135_n-standard.11c.delayed]
[primary.jwwb.nl/public/s/d/n/temp-wkqkzshgrmmennlcbgpe/saveclip-app_527769483_18013037153779696_5116888455973485198_n-high539f.jpg]
[primary.jwwb.nl/public/s/d/n/temp-wkqkzshgrmmennlcbgpe/saveclip-app_527769483_18013037153779696_5116888455973485198_n-high.jpg]
[primary.jwwb.nl/public/s/d/n/temp-wkqkzshgrmmennlcbgpe/saveclip-app_527769483_18013037153779696_5116888455973485198_n-high5865.jpg]
[www.heartavenueassociation.com/saveclip-app_527769483_18013037153779696_5116888455973485198_n-standard.120.delayed]
[www.heartavenueassociation.com/about-us-our-work/work-reports/3246566_artistic-expression-fosters-well-being-for-neurodivergent-children-at-king-hamad-american-mission-hospital.html]
[www.heartavenueassociation.com/about-us-our-work/work-reports/3247932_strongher-strategic-advocacy-forum.html]
[primary.jwwb.nl/public/s/d/n/temp-wkqkzshgrmmennlcbgpe/pasted-image-sun-jun-28-2026-23-39-33-gmt-0500-colombia-standard-time-high4877.png]
[www.heartavenueassociation.com/'https_/primary.jwwb.nl/public/s/d/n/temp-wkqkzshgrmmennlcbgpe/dise-o-sin-t-tulo-54-standard-zfpqid0450.html]
[www.heartavenueassociation.com/'https_/i.vimeocdn.com/video/2174186207-211133ffc372ccb8e9780d1dca1a2ee3e6a2e95963f051c60c2025f47df9305e-d_1920x10804c74.html]
[www.heartavenueassociation.com/'https_/primary.jwwb.nl/public/s/d/n/temp-wkqkzshgrmmennlcbgpe/pasted-image-mon-jun-29-2026-15-07-14-gmt-0500-colombia-standard-time-standard.1240450.delayed]
[www.heartavenueassociation.com/about-us-our-work/partnerships/partner-with-us/partner-application.html]
[primary.jwwb.nl/public/s/d/n/temp-wkqkzshgrmmennlcbgpe/pasted-image-mon-jun-29-2026-15-19-49-gmt-0500-colombia-standard-time-high9590.png]
[primary.jwwb.nl/public/s/d/n/temp-wkqkzshgrmmennlcbgpe/pasted-image-mon-jun-29-2026-15-19-26-gmt-0500-colombia-standard-time-high967d.png]
[www.heartavenueassociation.com/about-us-our-work/partnerships/partner-with-us.html]
[www.heartavenueassociation.com/'https_/primary.jwwb.nl/public/s/d/n/temp-wkqkzshgrmmennlcbgpe/pasted-image-thu-jul-16-2026-18-54-44-gmt-0500-colombia-standard-time-standard-4rd76j.1290450.delayed]
[primary.jwwb.nl/public/s/d/n/temp-wkqkzshgrmmennlcbgpe/pasted-image-thu-jul-16-2026-18-56-27-gmt-0500-colombia-standard-time-standard-3g1d9j.png]
[www.heartavenueassociation.com/hullabless.html]
[www.heartavenueassociation.com/'https_/primary.jwwb.nl/public/s/d/n/temp-wkqkzshgrmmennlcbgpe/pasted-image-sun-jun-28-2026-05-34-49-gmt-0500-colombia-standard-time-standard0450.html]
[www.heartavenueassociation.com/'https_/primary.jwwb.nl/public/s/d/n/temp-wkqkzshgrmmennlcbgpe/pasted-image-fri-jul-03-2026-10-46-09-gmt-0500-colombia-standard-time-standard0450.html]
[www.heartavenueassociation.com/'https_/primary.jwwb.nl/public/s/d/n/temp-wkqkzshgrmmennlcbgpe/captura-de-pantalla-2026-06-28-075422-standard.12c0450.delayed]
[primary.jwwb.nl/public/s/d/n/temp-wkqkzshgrmmennlcbgpe/pasted-image-sun-jun-28-2026-22-12-51-gmt-0500-colombia-standard-time-standard.png]
[primary.jwwb.nl/public/s/d/n/temp-wkqkzshgrmmennlcbgpe/image-high-as9ysy1e22.png]
[primary.jwwb.nl/public/s/d/n/temp-wkqkzshgrmmennlcbgpe/pasted-image-sun-jun-28-2026-22-40-46-gmt-0500-colombia-standard-time-high1e22.png]
[www.heartavenueassociation.com/digital-library/storybooks/the-pendant-of-the-earth-by-isamar-rojas.html]
[primary.jwwb.nl/public/s/d/n/temp-wkqkzshgrmmennlcbgpe/captura-de-pantalla-2026-06-28-071935-high.png]
[primary.jwwb.nl/public/s/d/n/temp-wkqkzshgrmmennlcbgpe/captura-de-pantalla-2026-06-28-071935-standarde3d1.png]
[www.heartavenueassociation.com/product/23507671/english-textbook-curso-de-ingles-basico-spanish-to-english.html]
[primary.jwwb.nl/public/s/d/n/temp-wkqkzshgrmmennlcbgpe/captura-de-pantalla-2026-06-28-082745-high.png]
[www.heartavenueassociation.com/product/23508221/clara-the-capybara-in-trujillo-dual-language-english-spanish.html]
[primary.jwwb.nl/public/s/d/n/temp-wkqkzshgrmmennlcbgpe/captura-de-pantalla-2026-06-28-082745-standarde3d1.png]
[primary.jwwb.nl/public/s/d/n/temp-wkqkzshgrmmennlcbgpe/captura-de-pantalla-2026-06-28-083240-high.png]
[primary.jwwb.nl/public/s/d/n/temp-wkqkzshgrmmennlcbgpe/captura-de-pantalla-2026-06-28-083240-standarde3d1.png]
[www.heartavenueassociation.com/product/23508261/the-pendant-of-the-earth.html]
[primary.jwwb.nl/public/s/d/n/temp-wkqkzshgrmmennlcbgpe/cover-high-gsdq1v.jpg]
[primary.jwwb.nl/public/s/d/n/temp-wkqkzshgrmmennlcbgpe/cover-standard-qzpcgve3d1.jpg]
[www.heartavenueassociation.com/product/23644932/coleccion-frobly-mobly-edicion-espanol.html]
[www.heartavenueassociation.com/dise-o-publicitario-ciis-heart-avenu-assoc-innova-schools-lemos-3-standard.html]
[www.heartavenueassociation.com/dise-o-publicitario-ciis-heart-avenu-assoc-innova-schools-lemos-2-standard.html]
[www.heartavenueassociation.com/saveclip-app_561762980_17858324553519540_145460339595040667_n-standard.html]
[www.heartavenueassociation.com/saveclip-app_561624154_17858324931519540_6574761293688708675_n-standard.html]
[www.heartavenueassociation.com/saveclip-app_560577158_17858324940519540_7250956078096234054_n-standard.html]
[www.heartavenueassociation.com/saveclip-app_527451722_18013037180779696_2053973393952880769_n-standard.html]
[www.heartavenueassociation.com/saveclip-app_527608393_18013037036779696_7503218414007438987_n-standard.html]
[www.heartavenueassociation.com/saveclip-app_527580022_18013037027779696_3024085607194025172_n-standard.html]
[www.heartavenueassociation.com/saveclip-app_526950882_18013037018779696_1099859348015930999_n-standard.html]
[www.heartavenueassociation.com/saveclip-app_527461151_18013036919779696_7868758075507819281_n-standard.html]
[www.heartavenueassociation.com/saveclip-app_527705017_18013036910779696_7995512206448236146_n-standard.html]
[www.heartavenueassociation.com/saveclip-app_527318117_18013036889779696_7721538157036210967_n-standard.html]
[www.heartavenueassociation.com/saveclip-app_527443152_18013037171779696_3217070594594539135_n-standard.html]
[www.heartavenueassociation.com/saveclip-app_527769483_18013037153779696_5116888455973485198_n-standard.html]
[www.heartavenueassociation.com/'https_/primary.jwwb.nl/public/s/d/n/temp-wkqkzshgrmmennlcbgpe/pasted-image-mon-jun-29-2026-15-07-14-gmt-0500-colombia-standard-time-standard0450.html]
[www.heartavenueassociation.com/about-us-our-work/partnerships/partner-with-us/partner-application.html]
[www.heartavenueassociation.com/'https_/primary.jwwb.nl/public/s/d/n/temp-wkqkzshgrmmennlcbgpe/pasted-image-thu-jul-16-2026-18-54-44-gmt-0500-colombia-standard-time-standard-4rd76j0450.html]
[www.heartavenueassociation.com/'https_/primary.jwwb.nl/public/s/d/n/temp-wkqkzshgrmmennlcbgpe/captura-de-pantalla-2026-06-28-075422-standard0450.html]
